Component: Arm Compiler for Embedded 6.19 Tool: armlink [5e73cb00]

==============================================================================

Section Cross References

    startup_stm32f030x6.o(RESET) refers to startup_stm32f030x6.o(STACK) for __initial_sp
    startup_stm32f030x6.o(RESET) refers to startup_stm32f030x6.o(.text) for Reset_Handler
    startup_stm32f030x6.o(RESET) refers to stm32f0xx_it.o(.text.NMI_Handler) for NMI_Handler
    startup_stm32f030x6.o(RESET) refers to stm32f0xx_it.o(.text.HardFault_Handler) for HardFault_Handler
    startup_stm32f030x6.o(RESET) refers to stm32f0xx_it.o(.text.SVC_Handler) for SVC_Handler
    startup_stm32f030x6.o(RESET) refers to stm32f0xx_it.o(.text.PendSV_Handler) for PendSV_Handler
    startup_stm32f030x6.o(RESET) refers to stm32f0xx_it.o(.text.SysTick_Handler) for SysTick_Handler
    startup_stm32f030x6.o(RESET) refers to stm32f0xx_it.o(.text.DMA1_Channel2_3_IRQHandler) for DMA1_Channel2_3_IRQHandler
    startup_stm32f030x6.o(RESET) refers to stm32f0xx_it.o(.text.USART1_IRQHandler) for USART1_IRQHandler
    startup_stm32f030x6.o(.text) refers to system_stm32f0xx.o(.text.SystemInit) for SystemInit
    startup_stm32f030x6.o(.text) refers to entry.o(.ARM.Collect$$$$00000000) for __main
    as5600.o(.ARM.exidx.text.Sim_I2C1_Delay) refers to as5600.o(.text.Sim_I2C1_Delay) for [Anonymous Symbol]
    as5600.o(.ARM.exidx.text.Sim_I2C1_START) refers to as5600.o(.text.Sim_I2C1_START) for [Anonymous Symbol]
    as5600.o(.ARM.exidx.text.Sim_I2C1_STOP) refers to as5600.o(.text.Sim_I2C1_STOP) for [Anonymous Symbol]
    as5600.o(.ARM.exidx.text.Sim_I2C1_Wait_Ack) refers to as5600.o(.text.Sim_I2C1_Wait_Ack) for [Anonymous Symbol]
    as5600.o(.ARM.exidx.text.Sim_I2C1_SendACK) refers to as5600.o(.text.Sim_I2C1_SendACK) for [Anonymous Symbol]
    as5600.o(.ARM.exidx.text.Sim_I2C1_SendNACK) refers to as5600.o(.text.Sim_I2C1_SendNACK) for [Anonymous Symbol]
    as5600.o(.ARM.exidx.text.Sim_I2C1_SendByte) refers to as5600.o(.text.Sim_I2C1_SendByte) for [Anonymous Symbol]
    as5600.o(.ARM.exidx.text.Sim_I2C1_ReceiveByte) refers to as5600.o(.text.Sim_I2C1_ReceiveByte) for [Anonymous Symbol]
    as5600.o(.ARM.exidx.text.Sim_I2C1_ReceiveByte_WithACK) refers to as5600.o(.text.Sim_I2C1_ReceiveByte_WithACK) for [Anonymous Symbol]
    as5600.o(.text.Sim_I2C_Read8) refers to as5600.o(.text.Sim_I2C1_SendByte) for Sim_I2C1_SendByte
    as5600.o(.text.Sim_I2C_Read8) refers to as5600.o(.text.Sim_I2C1_ReceiveByte) for Sim_I2C1_ReceiveByte
    as5600.o(.text.Sim_I2C_Read8) refers to as5600.o(.text.Sim_I2C1_ReceiveByte_WithACK) for Sim_I2C1_ReceiveByte_WithACK
    as5600.o(.ARM.exidx.text.Sim_I2C_Read8) refers to as5600.o(.text.Sim_I2C_Read8) for [Anonymous Symbol]
    as5600.o(.text.Sim_I2C1_Write8) refers to as5600.o(.text.Sim_I2C1_SendByte) for Sim_I2C1_SendByte
    as5600.o(.ARM.exidx.text.Sim_I2C1_Write8) refers to as5600.o(.text.Sim_I2C1_Write8) for [Anonymous Symbol]
    as5600.o(.ARM.exidx.text.highByte) refers to as5600.o(.text.highByte) for [Anonymous Symbol]
    as5600.o(.ARM.exidx.text.lowByte) refers to as5600.o(.text.lowByte) for [Anonymous Symbol]
    as5600.o(.text.readOneByte) refers to as5600.o(.text.Sim_I2C_Read8) for Sim_I2C_Read8
    as5600.o(.ARM.exidx.text.readOneByte) refers to as5600.o(.text.readOneByte) for [Anonymous Symbol]
    as5600.o(.text.readTwoBytes) refers to as5600.o(.text.Sim_I2C_Read8) for Sim_I2C_Read8
    as5600.o(.ARM.exidx.text.readTwoBytes) refers to as5600.o(.text.readTwoBytes) for [Anonymous Symbol]
    as5600.o(.text.writeOneByte) refers to as5600.o(.text.Sim_I2C1_Write8) for Sim_I2C1_Write8
    as5600.o(.ARM.exidx.text.writeOneByte) refers to as5600.o(.text.writeOneByte) for [Anonymous Symbol]
    as5600.o(.ARM.exidx.text.getAddress) refers to as5600.o(.text.getAddress) for [Anonymous Symbol]
    as5600.o(.text.getMaxAngle) refers to as5600.o(.text.Sim_I2C_Read8) for Sim_I2C_Read8
    as5600.o(.ARM.exidx.text.getMaxAngle) refers to as5600.o(.text.getMaxAngle) for [Anonymous Symbol]
    as5600.o(.text.getRawAngle) refers to as5600.o(.text.Sim_I2C_Read8) for Sim_I2C_Read8
    as5600.o(.ARM.exidx.text.getRawAngle) refers to as5600.o(.text.getRawAngle) for [Anonymous Symbol]
    as5600.o(.text.getStartPosition) refers to as5600.o(.text.Sim_I2C_Read8) for Sim_I2C_Read8
    as5600.o(.ARM.exidx.text.getStartPosition) refers to as5600.o(.text.getStartPosition) for [Anonymous Symbol]
    as5600.o(.text.getEndPosition) refers to as5600.o(.text.Sim_I2C_Read8) for Sim_I2C_Read8
    as5600.o(.ARM.exidx.text.getEndPosition) refers to as5600.o(.text.getEndPosition) for [Anonymous Symbol]
    as5600.o(.text.getScaledAngle) refers to as5600.o(.text.Sim_I2C_Read8) for Sim_I2C_Read8
    as5600.o(.ARM.exidx.text.getScaledAngle) refers to as5600.o(.text.getScaledAngle) for [Anonymous Symbol]
    as5600.o(.text.getAgc) refers to as5600.o(.text.Sim_I2C_Read8) for Sim_I2C_Read8
[...]
    Removing stm32f0xx_hal_uart.o(.text.UART_DMATxHalfCplt), (10 bytes).
    Removing stm32f0xx_hal_uart.o(.ARM.exidx.text.UART_DMATxHalfCplt), (8 bytes).
    Removing stm32f0xx_hal_uart.o(.text.UART_DMAError), (92 bytes).
    Removing stm32f0xx_hal_uart.o(.ARM.exidx.text.UART_DMAError), (8 bytes).
    Removing stm32f0xx_hal_uart.o(.text.HAL_UART_Receive_DMA), (160 bytes).
    Removing stm32f0xx_hal_uart.o(.ARM.exidx.text.HAL_UART_Receive_DMA), (8 bytes).
    Removing stm32f0xx_hal_uart.o(.text.UART_DMAReceiveCplt), (58 bytes).
    Removing stm32f0xx_hal_uart.o(.ARM.exidx.text.UART_DMAReceiveCplt), (8 bytes).
    Removing stm32f0xx_hal_uart.o(.text.UART_DMARxHalfCplt), (10 bytes).
    Removing stm32f0xx_hal_uart.o(.ARM.exidx.text.UART_DMARxHalfCplt), (8 bytes).
    Removing stm32f0xx_hal_uart.o(.text.HAL_UART_DMAPause), (84 bytes).
    Removing stm32f0xx_hal_uart.o(.ARM.exidx.text.HAL_UART_DMAPause), (8 bytes).
    Removing stm32f0xx_hal_uart.o(.text.HAL_UART_DMAResume), (88 bytes).
    Removing stm32f0xx_hal_uart.o(.ARM.exidx.text.HAL_UART_DMAResume), (8 bytes).
    Removing stm32f0xx_hal_uart.o(.text.HAL_UART_DMAStop), (116 bytes).
    Removing stm32f0xx_hal_uart.o(.ARM.exidx.text.HAL_UART_DMAStop), (8 bytes).
    Removing stm32f0xx_hal_uart.o(.text.HAL_UART_Abort), (106 bytes).
    Removing stm32f0xx_hal_uart.o(.ARM.exidx.text.HAL_UART_Abort), (8 bytes).
    Removing stm32f0xx_hal_uart.o(.text.HAL_UART_AbortTransmit), (54 bytes).
    Removing stm32f0xx_hal_uart.o(.ARM.exidx.text.HAL_UART_AbortTransmit), (8 bytes).
    Removing stm32f0xx_hal_uart.o(.text.HAL_UART_AbortReceive), (72 bytes).
    Removing stm32f0xx_hal_uart.o(.ARM.exidx.text.HAL_UART_AbortReceive), (8 bytes).
    Removing stm32f0xx_hal_uart.o(.text.HAL_UART_Abort_IT), (188 bytes).
    Removing stm32f0xx_hal_uart.o(.ARM.exidx.text.HAL_UART_Abort_IT), (8 bytes).
    Removing stm32f0xx_hal_uart.o(.text.UART_DMATxAbortCallback), (52 bytes).
    Removing stm32f0xx_hal_uart.o(.ARM.exidx.text.UART_DMATxAbortCallback), (8 bytes).
    Removing stm32f0xx_hal_uart.o(.text.UART_DMARxAbortCallback), (52 bytes).
    Removing stm32f0xx_hal_uart.o(.ARM.exidx.text.UART_DMARxAbortCallback), (8 bytes).
    Removing stm32f0xx_hal_uart.o(.text.HAL_UART_AbortCpltCallback), (2 bytes).
    Removing stm32f0xx_hal_uart.o(.ARM.exidx.text.HAL_UART_AbortCpltCallback), (8 bytes).
    Removing stm32f0xx_hal_uart.o(.text.HAL_UART_AbortTransmit_IT), (100 bytes).
    Removing stm32f0xx_hal_uart.o(.ARM.exidx.text.HAL_UART_AbortTransmit_IT), (8 bytes).
    Removing stm32f0xx_hal_uart.o(.text.UART_DMATxOnlyAbortCallback), (24 bytes).
    Removing stm32f0xx_hal_uart.o(.ARM.exidx.text.UART_DMATxOnlyAbortCallback), (8 bytes).
    Removing stm32f0xx_hal_uart.o(.text.HAL_UART_AbortTransmitCpltCallback), (2 bytes).
    Removing stm32f0xx_hal_uart.o(.ARM.exidx.text.HAL_UART_AbortTransmitCpltCallback), (8 bytes).
    Removing stm32f0xx_hal_uart.o(.text.HAL_UART_AbortReceive_IT), (120 bytes).
    Removing stm32f0xx_hal_uart.o(.ARM.exidx.text.HAL_UART_AbortReceive_IT), (8 bytes).
    Removing stm32f0xx_hal_uart.o(.text.UART_DMARxOnlyAbortCallback), (30 bytes).
    Removing stm32f0xx_hal_uart.o(.ARM.exidx.text.UART_DMARxOnlyAbortCallback), (8 bytes).
    Removing stm32f0xx_hal_uart.o(.text.HAL_UART_AbortReceiveCpltCallback), (2 bytes).
    Removing stm32f0xx_hal_uart.o(.ARM.exidx.text.HAL_UART_AbortReceiveCpltCallback), (8 bytes).
    Removing stm32f0xx_hal_uart.o(.ARM.exidx.text.HAL_UART_IRQHandler), (8 bytes).
    Removing stm32f0xx_hal_uart.o(.text.UART_Receive_IT), (114 bytes).
    Removing stm32f0xx_hal_uart.o(.ARM.exidx.text.UART_Receive_IT), (8 bytes).
    Removing stm32f0xx_hal_uart.o(.ARM.exidx.text.UART_DMAAbortOnError), (8 bytes).
    Removing stm32f0xx_hal_uart.o(.ARM.exidx.text.HAL_UART_ErrorCallback), (8 bytes).
    Removing stm32f0xx_hal_uart.o(.text.UART_Transmit_IT), (104 bytes).
    Removing stm32f0xx_hal_uart.o(.ARM.exidx.text.UART_Transmit_IT), (8 bytes).
    Removing stm32f0xx_hal_uart.o(.text.UART_EndTransmit_IT), (26 bytes).
    Removing stm32f0xx_hal_uart.o(.ARM.exidx.text.UART_EndTransmit_IT), (8 bytes).
    Removing stm32f0xx_hal_uart.o(.ARM.exidx.text.HAL_UART_TxCpltCallback), (8 bytes).
    Removing stm32f0xx_hal_uart.o(.text.HAL_UART_TxHalfCpltCallback), (2 bytes).
    Removing stm32f0xx_hal_uart.o(.ARM.exidx.text.HAL_UART_TxHalfCpltCallback), (8 bytes).
    Removing stm32f0xx_hal_uart.o(.ARM.exidx.text.HAL_UART_RxCpltCallback), (8 bytes).
    Removing stm32f0xx_hal_uart.o(.text.HAL_UART_RxHalfCpltCallback), (2 bytes).
    Removing stm32f0xx_hal_uart.o(.ARM.exidx.text.HAL_UART_RxHalfCpltCallback), (8 bytes).
    Removing stm32f0xx_hal_uart.o(.text.HAL_MultiProcessor_EnableMuteMode), (52 bytes).
    Removing stm32f0xx_hal_uart.o(.ARM.exidx.text.HAL_MultiProcessor_EnableMuteMode), (8 bytes).
    Removing stm32f0xx_hal_uart.o(.text.HAL_MultiProcessor_DisableMuteMode), (52 bytes).
    Removing stm32f0xx_hal_uart.o(.ARM.exidx.text.HAL_MultiProcessor_DisableMuteMode), (8 bytes).
    Removing stm32f0xx_hal_uart.o(.text.HAL_MultiProcessor_EnterMuteMode), (12 bytes).
    Removing stm32f0xx_hal_uart.o(.ARM.exidx.text.HAL_MultiProcessor_EnterMuteMode), (8 bytes).
    Removing stm32f0xx_hal_uart.o(.text.HAL_HalfDuplex_EnableTransmitter), (48 bytes).
    Removing stm32f0xx_hal_uart.o(.ARM.exidx.text.HAL_HalfDuplex_EnableTransmitter), (8 bytes).
    Removing stm32f0xx_hal_uart.o(.text.HAL_HalfDuplex_EnableReceiver), (48 bytes).
    Removing stm32f0xx_hal_uart.o(.ARM.exidx.text.HAL_HalfDuplex_EnableReceiver), (8 bytes).
    Removing stm32f0xx_hal_uart.o(.text.HAL_UART_GetState), (14 bytes).
    Removing stm32f0xx_hal_uart.o(.ARM.exidx.text.HAL_UART_GetState), (8 bytes).
    Removing stm32f0xx_hal_uart.o(.text.HAL_UART_GetError), (4 bytes).
    Removing stm32f0xx_hal_uart.o(.ARM.exidx.text.HAL_UART_GetError), (8 bytes).
    Removing stm32f0xx_hal_uart_ex.o(.text), (0 bytes).
    Removing stm32f0xx_hal_uart_ex.o(.text.HAL_RS485Ex_Init), (144 bytes).
    Removing stm32f0xx_hal_uart_ex.o(.ARM.exidx.text.HAL_RS485Ex_Init), (8 bytes).
    Removing stm32f0xx_hal_uart_ex.o(.text.HAL_MultiProcessorEx_AddressLength_Set), (48 bytes).
    Removing stm32f0xx_hal_uart_ex.o(.ARM.exidx.text.HAL_MultiProcessorEx_AddressLength_Set), (8 bytes).
    Removing stm32f0xx_hal_rcc.o(.text), (0 bytes).
    Removing stm32f0xx_hal_rcc.o(.text.HAL_RCC_DeInit), (76 bytes).
    Removing stm32f0xx_hal_rcc.o(.ARM.exidx.text.HAL_RCC_DeInit), (8 bytes).
    Removing stm32f0xx_hal_rcc.o(.ARM.exidx.text.HAL_RCC_OscConfig), (8 bytes).
    Removing stm32f0xx_hal_rcc.o(.ARM.exidx.text.HAL_RCC_ClockConfig), (8 bytes).
    Removing stm32f0xx_hal_rcc.o(.ARM.exidx.text.HAL_RCC_GetSysClockFreq), (8 bytes).
    Removing stm32f0xx_hal_rcc.o(.text.HAL_RCC_MCOConfig), (80 bytes).
    Removing stm32f0xx_hal_rcc.o(.ARM.exidx.text.HAL_RCC_MCOConfig), (8 bytes).
    Removing stm32f0xx_hal_rcc.o(.text.HAL_RCC_EnableCSS), (20 bytes).
    Removing stm32f0xx_hal_rcc.o(.ARM.exidx.text.HAL_RCC_EnableCSS), (8 bytes).
    Removing stm32f0xx_hal_rcc.o(.text.HAL_RCC_DisableCSS), (20 bytes).
    Removing stm32f0xx_hal_rcc.o(.ARM.exidx.text.HAL_RCC_DisableCSS), (8 bytes).
    Removing stm32f0xx_hal_rcc.o(.ARM.exidx.text.HAL_RCC_GetHCLKFreq), (8 bytes).
    Removing stm32f0xx_hal_rcc.o(.ARM.exidx.text.HAL_RCC_GetPCLK1Freq), (8 bytes).
    Removing stm32f0xx_hal_rcc.o(.text.HAL_RCC_GetOscConfig), (132 bytes).
    Removing stm32f0xx_hal_rcc.o(.ARM.exidx.text.HAL_RCC_GetOscConfig), (8 bytes).
    Removing stm32f0xx_hal_rcc.o(.text.HAL_RCC_GetClockConfig), (52 bytes).
    Removing stm32f0xx_hal_rcc.o(.ARM.exidx.text.HAL_RCC_GetClockConfig), (8 bytes).
    Removing stm32f0xx_hal_rcc.o(.text.HAL_RCC_NMI_IRQHandler), (24 bytes).
    Removing stm32f0xx_hal_rcc.o(.ARM.exidx.text.HAL_RCC_NMI_IRQHandler), (8 bytes).
    Removing stm32f0xx_hal_rcc.o(.text.HAL_RCC_CSSCallback), (2 bytes).
    Removing stm32f0xx_hal_rcc.o(.ARM.exidx.text.HAL_RCC_CSSCallback), (8 bytes).
    Removing stm32f0xx_hal_rcc_ex.o(.text), (0 bytes).
    Removing stm32f0xx_hal_rcc_ex.o(.ARM.exidx.text.HAL_RCCEx_PeriphCLKConfig), (8 bytes).
    Removing stm32f0xx_hal_rcc_ex.o(.text.HAL_RCCEx_GetPeriphCLKConfig), (48 bytes).
    Removing stm32f0xx_hal_rcc_ex.o(.ARM.exidx.text.HAL_RCCEx_GetPeriphCLKConfig), (8 bytes).
    Removing stm32f0xx_hal_rcc_ex.o(.text.HAL_RCCEx_GetPeriphCLKFreq), (172 bytes).
    Removing stm32f0xx_hal_rcc_ex.o(.ARM.exidx.text.HAL_RCCEx_GetPeriphCLKFreq), (8 bytes).
    Removing stm32f0xx_hal.o(.text), (0 bytes).
    Removing stm32f0xx_hal.o(.ARM.exidx.text.HAL_Init), (8 bytes).
    Removing stm32f0xx_hal.o(.ARM.exidx.text.HAL_InitTick), (8 bytes).
    Removing stm32f0xx_hal.o(.text.HAL_MspInit), (2 bytes).
    Removing stm32f0xx_hal.o(.ARM.exidx.text.HAL_MspInit), (8 bytes).
    Removing stm32f0xx_hal.o(.text.HAL_DeInit), (32 bytes).
    Removing stm32f0xx_hal.o(.ARM.exidx.text.HAL_DeInit), (8 bytes).
    Removing stm32f0xx_hal.o(.text.HAL_MspDeInit), (2 bytes).
    Removing stm32f0xx_hal.o(.ARM.exidx.text.HAL_MspDeInit), (8 bytes).
    Removing stm32f0xx_hal.o(.ARM.exidx.text.HAL_IncTick), (8 bytes).
    Removing stm32f0xx_hal.o(.ARM.exidx.text.HAL_GetTick), (8 bytes).
    Removing stm32f0xx_hal.o(.ARM.exidx.text.HAL_Delay), (8 bytes).
    Removing stm32f0xx_hal.o(.text.HAL_SuspendTick), (16 bytes).
    Removing stm32f0xx_hal.o(.ARM.exidx.text.HAL_SuspendTick), (8 bytes).
    Removing stm32f0xx_hal.o(.text.HAL_ResumeTick), (16 bytes).
    Removing stm32f0xx_hal.o(.ARM.exidx.text.HAL_ResumeTick), (8 bytes).
    Removing stm32f0xx_hal.o(.text.HAL_GetHalVersion), (8 bytes).
    Removing stm32f0xx_hal.o(.ARM.exidx.text.HAL_GetHalVersion), (8 bytes).
    Removing stm32f0xx_hal.o(.text.HAL_GetREVID), (12 bytes).
    Removing stm32f0xx_hal.o(.ARM.exidx.text.HAL_GetREVID), (8 bytes).
    Removing stm32f0xx_hal.o(.text.HAL_GetDEVID), (20 bytes).
    Removing stm32f0xx_hal.o(.ARM.exidx.text.HAL_GetDEVID), (8 bytes).
    Removing stm32f0xx_hal.o(.text.HAL_GetUIDw0), (12 bytes).
    Removing stm32f0xx_hal.o(.ARM.exidx.text.HAL_GetUIDw0), (8 bytes).
    Removing stm32f0xx_hal.o(.text.HAL_GetUIDw1), (12 bytes).
    Removing stm32f0xx_hal.o(.ARM.exidx.text.HAL_GetUIDw1), (8 bytes).
    Removing stm32f0xx_hal.o(.text.HAL_GetUIDw2), (12 bytes).
    Removing stm32f0xx_hal.o(.ARM.exidx.text.HAL_GetUIDw2), (8 bytes).
    Removing stm32f0xx_hal.o(.text.HAL_DBGMCU_EnableDBGStopMode), (16 bytes).
    Removing stm32f0xx_hal.o(.ARM.exidx.text.HAL_DBGMCU_EnableDBGStopMode), (8 bytes).
    Removing stm32f0xx_hal.o(.text.HAL_DBGMCU_DisableDBGStopMode), (16 bytes).
    Removing stm32f0xx_hal.o(.ARM.exidx.text.HAL_DBGMCU_DisableDBGStopMode), (8 bytes).
    Removing stm32f0xx_hal.o(.text.HAL_DBGMCU_EnableDBGStandbyMode), (16 bytes).
    Removing stm32f0xx_hal.o(.ARM.exidx.text.HAL_DBGMCU_EnableDBGStandbyMode), (8 bytes).
    Removing stm32f0xx_hal.o(.text.HAL_DBGMCU_DisableDBGStandbyMode), (16 bytes).
    Removing stm32f0xx_hal.o(.ARM.exidx.text.HAL_DBGMCU_DisableDBGStandbyMode), (8 bytes).
    Removing stm32f0xx_hal_i2c.o(.text), (0 bytes).
    Removing stm32f0xx_hal_i2c.o(.text.HAL_I2C_Init), (168 bytes).
    Removing stm32f0xx_hal_i2c.o(.ARM.exidx.text.HAL_I2C_Init), (8 bytes).
    Removing stm32f0xx_hal_i2c.o(.text.HAL_I2C_MspInit), (2 bytes).
    Removing stm32f0xx_hal_i2c.o(.ARM.exidx.text.HAL_I2C_MspInit), (8 bytes).
    Removing stm32f0xx_hal_i2c.o(.text.HAL_I2C_DeInit), (50 bytes).
    Removing stm32f0xx_hal_i2c.o(.ARM.exidx.text.HAL_I2C_DeInit), (8 bytes).
    Removing stm32f0xx_hal_i2c.o(.text.HAL_I2C_MspDeInit), (2 bytes).
    Removing stm32f0xx_hal_i2c.o(.ARM.exidx.text.HAL_I2C_MspDeInit), (8 bytes).
    Removing stm32f0xx_hal_i2c.o(.text.HAL_I2C_Master_Transmit), (464 bytes).
    Removing stm32f0xx_hal_i2c.o(.ARM.exidx.text.HAL_I2C_Master_Transmit), (8 bytes).
    Removing stm32f0xx_hal_i2c.o(.text.I2C_WaitOnFlagUntilTimeout), (158 bytes).
    Removing stm32f0xx_hal_i2c.o(.ARM.exidx.text.I2C_WaitOnFlagUntilTimeout), (8 bytes).
    Removing stm32f0xx_hal_i2c.o(.text.I2C_WaitOnTXISFlagUntilTimeout), (264 bytes).
    Removing stm32f0xx_hal_i2c.o(.ARM.exidx.text.I2C_WaitOnTXISFlagUntilTimeout), (8 bytes).
    Removing stm32f0xx_hal_i2c.o(.text.I2C_WaitOnSTOPFlagUntilTimeout), (212 bytes).
    Removing stm32f0xx_hal_i2c.o(.ARM.exidx.text.I2C_WaitOnSTOPFlagUntilTimeout), (8 bytes).
    Removing stm32f0xx_hal_i2c.o(.text.HAL_I2C_Master_Receive), (468 bytes).
    Removing stm32f0xx_hal_i2c.o(.ARM.exidx.text.HAL_I2C_Master_Receive), (8 bytes).
    Removing stm32f0xx_hal_i2c.o(.text.I2C_WaitOnRXNEFlagUntilTimeout), (248 bytes).
    Removing stm32f0xx_hal_i2c.o(.ARM.exidx.text.I2C_WaitOnRXNEFlagUntilTimeout), (8 bytes).
    Removing stm32f0xx_hal_i2c.o(.text.HAL_I2C_Slave_Transmit), (490 bytes).
    Removing stm32f0xx_hal_i2c.o(.ARM.exidx.text.HAL_I2C_Slave_Transmit), (8 bytes).
    Removing stm32f0xx_hal_i2c.o(.text.HAL_I2C_Slave_Receive), (472 bytes).
    Removing stm32f0xx_hal_i2c.o(.ARM.exidx.text.HAL_I2C_Slave_Receive), (8 bytes).
    Removing stm32f0xx_hal_i2c.o(.text.HAL_I2C_Master_Transmit_IT), (132 bytes).
    Removing stm32f0xx_hal_i2c.o(.ARM.exidx.text.HAL_I2C_Master_Transmit_IT), (8 bytes).
    Removing stm32f0xx_hal_i2c.o(.text.I2C_Master_ISR_IT), (360 bytes).
    Removing stm32f0xx_hal_i2c.o(.ARM.exidx.text.I2C_Master_ISR_IT), (8 bytes).
    Removing stm32f0xx_hal_i2c.o(.text.HAL_I2C_Master_Receive_IT), (132 bytes).
    Removing stm32f0xx_hal_i2c.o(.ARM.exidx.text.HAL_I2C_Master_Receive_IT), (8 bytes).
    Removing stm32f0xx_hal_i2c.o(.text.HAL_I2C_Slave_Transmit_IT), (84 bytes).
    Removing stm32f0xx_hal_i2c.o(.ARM.exidx.text.HAL_I2C_Slave_Transmit_IT), (8 bytes).
    Removing stm32f0xx_hal_i2c.o(.text.I2C_Slave_ISR_IT), (604 bytes).
    Removing stm32f0xx_hal_i2c.o(.ARM.exidx.text.I2C_Slave_ISR_IT), (8 bytes).
    Removing stm32f0xx_hal_i2c.o(.text.HAL_I2C_Slave_Receive_IT), (84 bytes).
    Removing stm32f0xx_hal_i2c.o(.ARM.exidx.text.HAL_I2C_Slave_Receive_IT), (8 bytes).
    Removing stm32f0xx_hal_i2c.o(.text.HAL_I2C_Master_Transmit_DMA), (280 bytes).
    Removing stm32f0xx_hal_i2c.o(.ARM.exidx.text.HAL_I2C_Master_Transmit_DMA), (8 bytes).
    Removing stm32f0xx_hal_i2c.o(.text.I2C_Master_ISR_DMA), (252 bytes).
    Removing stm32f0xx_hal_i2c.o(.ARM.exidx.text.I2C_Master_ISR_DMA), (8 bytes).
    Removing stm32f0xx_hal_i2c.o(.text.I2C_DMAMasterTransmitCplt), (136 bytes).
    Removing stm32f0xx_hal_i2c.o(.ARM.exidx.text.I2C_DMAMasterTransmitCplt), (8 bytes).
    Removing stm32f0xx_hal_i2c.o(.text.I2C_DMAError), (24 bytes).
    Removing stm32f0xx_hal_i2c.o(.ARM.exidx.text.I2C_DMAError), (8 bytes).
    Removing stm32f0xx_hal_i2c.o(.text.HAL_I2C_Master_Receive_DMA), (280 bytes).
    Removing stm32f0xx_hal_i2c.o(.ARM.exidx.text.HAL_I2C_Master_Receive_DMA), (8 bytes).
    Removing stm32f0xx_hal_i2c.o(.text.I2C_DMAMasterReceiveCplt), (136 bytes).
    Removing stm32f0xx_hal_i2c.o(.ARM.exidx.text.I2C_DMAMasterReceiveCplt), (8 bytes).
    Removing stm32f0xx_hal_i2c.o(.text.HAL_I2C_Slave_Transmit_DMA), (148 bytes).
    Removing stm32f0xx_hal_i2c.o(.ARM.exidx.text.HAL_I2C_Slave_Transmit_DMA), (8 bytes).
    Removing stm32f0xx_hal_i2c.o(.text.I2C_Slave_ISR_DMA), (100 bytes).
    Removing stm32f0xx_hal_i2c.o(.ARM.exidx.text.I2C_Slave_ISR_DMA), (8 bytes).
    Removing stm32f0xx_hal_i2c.o(.text.I2C_DMASlaveTransmitCplt), (2 bytes).
    Removing stm32f0xx_hal_i2c.o(.ARM.exidx.text.I2C_DMASlaveTransmitCplt), (8 bytes).
    Removing stm32f0xx_hal_i2c.o(.text.HAL_I2C_Slave_Receive_DMA), (156 bytes).
    Removing stm32f0xx_hal_i2c.o(.ARM.exidx.text.HAL_I2C_Slave_Receive_DMA), (8 bytes).
    Removing stm32f0xx_hal_i2c.o(.text.I2C_DMASlaveReceiveCplt), (2 bytes).
    Removing stm32f0xx_hal_i2c.o(.ARM.exidx.text.I2C_DMASlaveReceiveCplt), (8 bytes).
    Removing stm32f0xx_hal_i2c.o(.text.HAL_I2C_Mem_Write), (528 bytes).
    Removing stm32f0xx_hal_i2c.o(.ARM.exidx.text.HAL_I2C_Mem_Write), (8 bytes).
    Removing stm32f0xx_hal_i2c.o(.text.I2C_RequestMemoryWrite), (220 bytes).
    Removing stm32f0xx_hal_i2c.o(.ARM.exidx.text.I2C_RequestMemoryWrite), (8 bytes).
    Removing stm32f0xx_hal_i2c.o(.text.HAL_I2C_Mem_Read), (592 bytes).
    Removing stm32f0xx_hal_i2c.o(.ARM.exidx.text.HAL_I2C_Mem_Read), (8 bytes).
    Removing stm32f0xx_hal_i2c.o(.text.I2C_RequestMemoryRead), (224 bytes).
    Removing stm32f0xx_hal_i2c.o(.ARM.exidx.text.I2C_RequestMemoryRead), (8 bytes).
    Removing stm32f0xx_hal_i2c.o(.text.HAL_I2C_Mem_Write_IT), (264 bytes).
    Removing stm32f0xx_hal_i2c.o(.ARM.exidx.text.HAL_I2C_Mem_Write_IT), (8 bytes).
    Removing stm32f0xx_hal_i2c.o(.text.HAL_I2C_Mem_Read_IT), (272 bytes).
    Removing stm32f0xx_hal_i2c.o(.ARM.exidx.text.HAL_I2C_Mem_Read_IT), (8 bytes).
    Removing stm32f0xx_hal_i2c.o(.text.HAL_I2C_Mem_Write_DMA), (312 bytes).
    Removing stm32f0xx_hal_i2c.o(.ARM.exidx.text.HAL_I2C_Mem_Write_DMA), (8 bytes).
    Removing stm32f0xx_hal_i2c.o(.text.HAL_I2C_Mem_Read_DMA), (324 bytes).
    Removing stm32f0xx_hal_i2c.o(.ARM.exidx.text.HAL_I2C_Mem_Read_DMA), (8 bytes).
    Removing stm32f0xx_hal_i2c.o(.text.HAL_I2C_IsDeviceReady), (408 bytes).
    Removing stm32f0xx_hal_i2c.o(.ARM.exidx.text.HAL_I2C_IsDeviceReady), (8 bytes).
    Removing stm32f0xx_hal_i2c.o(.text.HAL_I2C_Master_Sequential_Transmit_IT), (128 bytes).
    Removing stm32f0xx_hal_i2c.o(.ARM.exidx.text.HAL_I2C_Master_Sequential_Transmit_IT), (8 bytes).
    Removing stm32f0xx_hal_i2c.o(.text.HAL_I2C_Master_Sequential_Receive_IT), (128 bytes).
    Removing stm32f0xx_hal_i2c.o(.ARM.exidx.text.HAL_I2C_Master_Sequential_Receive_IT), (8 bytes).
    Removing stm32f0xx_hal_i2c.o(.text.HAL_I2C_Slave_Sequential_Transmit_IT), (156 bytes).
    Removing stm32f0xx_hal_i2c.o(.ARM.exidx.text.HAL_I2C_Slave_Sequential_Transmit_IT), (8 bytes).
    Removing stm32f0xx_hal_i2c.o(.text.HAL_I2C_Slave_Sequential_Receive_IT), (156 bytes).
    Removing stm32f0xx_hal_i2c.o(.ARM.exidx.text.HAL_I2C_Slave_Sequential_Receive_IT), (8 bytes).
    Removing stm32f0xx_hal_i2c.o(.text.HAL_I2C_EnableListen_IT), (44 bytes).
    Removing stm32f0xx_hal_i2c.o(.ARM.exidx.text.HAL_I2C_EnableListen_IT), (8 bytes).
    Removing stm32f0xx_hal_i2c.o(.text.HAL_I2C_DisableListen_IT), (54 bytes).
    Removing stm32f0xx_hal_i2c.o(.ARM.exidx.text.HAL_I2C_DisableListen_IT), (8 bytes).
    Removing stm32f0xx_hal_i2c.o(.text.HAL_I2C_Master_Abort_IT), (164 bytes).
    Removing stm32f0xx_hal_i2c.o(.ARM.exidx.text.HAL_I2C_Master_Abort_IT), (8 bytes).
    Removing stm32f0xx_hal_i2c.o(.text.HAL_I2C_EV_IRQHandler), (18 bytes).
    Removing stm32f0xx_hal_i2c.o(.ARM.exidx.text.HAL_I2C_EV_IRQHandler), (8 bytes).
    Removing stm32f0xx_hal_i2c.o(.text.HAL_I2C_ER_IRQHandler), (132 bytes).
    Removing stm32f0xx_hal_i2c.o(.ARM.exidx.text.HAL_I2C_ER_IRQHandler), (8 bytes).
    Removing stm32f0xx_hal_i2c.o(.text.I2C_ITError), (252 bytes).
    Removing stm32f0xx_hal_i2c.o(.ARM.exidx.text.I2C_ITError), (8 bytes).
    Removing stm32f0xx_hal_i2c.o(.text.HAL_I2C_MasterTxCpltCallback), (2 bytes).
    Removing stm32f0xx_hal_i2c.o(.ARM.exidx.text.HAL_I2C_MasterTxCpltCallback), (8 bytes).
    Removing stm32f0xx_hal_i2c.o(.text.HAL_I2C_MasterRxCpltCallback), (2 bytes).
    Removing stm32f0xx_hal_i2c.o(.ARM.exidx.text.HAL_I2C_MasterRxCpltCallback), (8 bytes).
    Removing stm32f0xx_hal_i2c.o(.text.HAL_I2C_SlaveTxCpltCallback), (2 bytes).
    Removing stm32f0xx_hal_i2c.o(.ARM.exidx.text.HAL_I2C_SlaveTxCpltCallback), (8 bytes).
    Removing stm32f0xx_hal_i2c.o(.text.HAL_I2C_SlaveRxCpltCallback), (2 bytes).
    Removing stm32f0xx_hal_i2c.o(.ARM.exidx.text.HAL_I2C_SlaveRxCpltCallback), (8 bytes).
    Removing stm32f0xx_hal_i2c.o(.text.HAL_I2C_AddrCallback), (2 bytes).
    Removing stm32f0xx_hal_i2c.o(.ARM.exidx.text.HAL_I2C_AddrCallback), (8 bytes).
    Removing stm32f0xx_hal_i2c.o(.text.HAL_I2C_ListenCpltCallback), (2 bytes).
    Removing stm32f0xx_hal_i2c.o(.ARM.exidx.text.HAL_I2C_ListenCpltCallback), (8 bytes).
    Removing stm32f0xx_hal_i2c.o(.text.HAL_I2C_MemTxCpltCallback), (2 bytes).
    Removing stm32f0xx_hal_i2c.o(.ARM.exidx.text.HAL_I2C_MemTxCpltCallback), (8 bytes).
    Removing stm32f0xx_hal_i2c.o(.text.HAL_I2C_MemRxCpltCallback), (2 bytes).
    Removing stm32f0xx_hal_i2c.o(.ARM.exidx.text.HAL_I2C_MemRxCpltCallback), (8 bytes).
    Removing stm32f0xx_hal_i2c.o(.text.HAL_I2C_ErrorCallback), (2 bytes).
    Removing stm32f0xx_hal_i2c.o(.ARM.exidx.text.HAL_I2C_ErrorCallback), (8 bytes).
    Removing stm32f0xx_hal_i2c.o(.text.HAL_I2C_AbortCpltCallback), (2 bytes).
    Removing stm32f0xx_hal_i2c.o(.ARM.exidx.text.HAL_I2C_AbortCpltCallback), (8 bytes).
    Removing stm32f0xx_hal_i2c.o(.text.HAL_I2C_GetState), (6 bytes).
    Removing stm32f0xx_hal_i2c.o(.ARM.exidx.text.HAL_I2C_GetState), (8 bytes).
    Removing stm32f0xx_hal_i2c.o(.text.HAL_I2C_GetMode), (6 bytes).
    Removing stm32f0xx_hal_i2c.o(.ARM.exidx.text.HAL_I2C_GetMode), (8 bytes).
    Removing stm32f0xx_hal_i2c.o(.text.HAL_I2C_GetError), (4 bytes).
    Removing stm32f0xx_hal_i2c.o(.ARM.exidx.text.HAL_I2C_GetError), (8 bytes).
    Removing stm32f0xx_hal_i2c.o(.text.I2C_ITMasterSequentialCplt), (96 bytes).
    Removing stm32f0xx_hal_i2c.o(.ARM.exidx.text.I2C_ITMasterSequentialCplt), (8 bytes).
    Removing stm32f0xx_hal_i2c.o(.text.I2C_ITMasterCplt), (212 bytes).
    Removing stm32f0xx_hal_i2c.o(.ARM.exidx.text.I2C_ITMasterCplt), (8 bytes).
    Removing stm32f0xx_hal_i2c.o(.text.I2C_ITSlaveSequentialCplt), (102 bytes).
    Removing stm32f0xx_hal_i2c.o(.ARM.exidx.text.I2C_ITSlaveSequentialCplt), (8 bytes).
    Removing stm32f0xx_hal_i2c.o(.text.I2C_ITSlaveCplt), (360 bytes).
    Removing stm32f0xx_hal_i2c.o(.ARM.exidx.text.I2C_ITSlaveCplt), (8 bytes).
    Removing stm32f0xx_hal_i2c.o(.text.I2C_DMAAbort), (54 bytes).
    Removing stm32f0xx_hal_i2c.o(.ARM.exidx.text.I2C_DMAAbort), (8 bytes).
    Removing stm32f0xx_hal_i2c_ex.o(.text), (0 bytes).
    Removing stm32f0xx_hal_i2c_ex.o(.text.HAL_I2CEx_ConfigAnalogFilter), (66 bytes).
    Removing stm32f0xx_hal_i2c_ex.o(.ARM.exidx.text.HAL_I2CEx_ConfigAnalogFilter), (8 bytes).
    Removing stm32f0xx_hal_i2c_ex.o(.text.HAL_I2CEx_ConfigDigitalFilter), (66 bytes).
    Removing stm32f0xx_hal_i2c_ex.o(.ARM.exidx.text.HAL_I2CEx_ConfigDigitalFilter), (8 bytes).
    Removing stm32f0xx_hal_i2c_ex.o(.text.HAL_I2CEx_EnableFastModePlus), (40 bytes).
    Removing stm32f0xx_hal_i2c_ex.o(.ARM.exidx.text.HAL_I2CEx_EnableFastModePlus), (8 bytes).
    Removing stm32f0xx_hal_i2c_ex.o(.text.HAL_I2CEx_DisableFastModePlus), (40 bytes).
    Removing stm32f0xx_hal_i2c_ex.o(.ARM.exidx.text.HAL_I2CEx_DisableFastModePlus), (8 bytes).
    Removing stm32f0xx_hal_gpio.o(.text), (0 bytes).
    Removing stm32f0xx_hal_gpio.o(.ARM.exidx.text.HAL_GPIO_Init), (8 bytes).
    Removing stm32f0xx_hal_gpio.o(.text.HAL_GPIO_DeInit), (252 bytes).
    Removing stm32f0xx_hal_gpio.o(.ARM.exidx.text.HAL_GPIO_DeInit), (8 bytes).
    Removing stm32f0xx_hal_gpio.o(.text.HAL_GPIO_ReadPin), (10 bytes).
    Removing stm32f0xx_hal_gpio.o(.ARM.exidx.text.HAL_GPIO_ReadPin), (8 bytes).
    Removing stm32f0xx_hal_gpio.o(.ARM.exidx.text.HAL_GPIO_WritePin), (8 bytes).
    Removing stm32f0xx_hal_gpio.o(.text.HAL_GPIO_TogglePin), (8 bytes).
    Removing stm32f0xx_hal_gpio.o(.ARM.exidx.text.HAL_GPIO_TogglePin), (8 bytes).
    Removing stm32f0xx_hal_gpio.o(.text.HAL_GPIO_LockPin), (40 bytes).
    Removing stm32f0xx_hal_gpio.o(.ARM.exidx.text.HAL_GPIO_LockPin), (8 bytes).
    Removing stm32f0xx_hal_gpio.o(.text.HAL_GPIO_EXTI_IRQHandler), (24 bytes).
    Removing stm32f0xx_hal_gpio.o(.ARM.exidx.text.HAL_GPIO_EXTI_IRQHandler), (8 bytes).
    Removing stm32f0xx_hal_gpio.o(.text.HAL_GPIO_EXTI_Callback), (2 bytes).
    Removing stm32f0xx_hal_gpio.o(.ARM.exidx.text.HAL_GPIO_EXTI_Callback), (8 bytes).
    Removing stm32f0xx_hal_dma.o(.text), (0 bytes).
    Removing stm32f0xx_hal_dma.o(.ARM.exidx.text.HAL_DMA_Init), (8 bytes).
    Removing stm32f0xx_hal_dma.o(.text.HAL_DMA_DeInit), (84 bytes).
    Removing stm32f0xx_hal_dma.o(.ARM.exidx.text.HAL_DMA_DeInit), (8 bytes).
    Removing stm32f0xx_hal_dma.o(.text.HAL_DMA_Start), (104 bytes).
    Removing stm32f0xx_hal_dma.o(.ARM.exidx.text.HAL_DMA_Start), (8 bytes).
    Removing stm32f0xx_hal_dma.o(.text.HAL_DMA_Start_IT), (130 bytes).
    Removing stm32f0xx_hal_dma.o(.ARM.exidx.text.HAL_DMA_Start_IT), (8 bytes).
    Removing stm32f0xx_hal_dma.o(.text.HAL_DMA_Abort), (44 bytes).
    Removing stm32f0xx_hal_dma.o(.ARM.exidx.text.HAL_DMA_Abort), (8 bytes).
    Removing stm32f0xx_hal_dma.o(.ARM.exidx.text.HAL_DMA_Abort_IT), (8 bytes).
    Removing stm32f0xx_hal_dma.o(.text.HAL_DMA_PollForTransfer), (278 bytes).
    Removing stm32f0xx_hal_dma.o(.ARM.exidx.text.HAL_DMA_PollForTransfer), (8 bytes).
    Removing stm32f0xx_hal_dma.o(.ARM.exidx.text.HAL_DMA_IRQHandler), (8 bytes).
    Removing stm32f0xx_hal_dma.o(.text.HAL_DMA_RegisterCallback), (70 bytes).
    Removing stm32f0xx_hal_dma.o(.ARM.exidx.text.HAL_DMA_RegisterCallback), (8 bytes).
    Removing stm32f0xx_hal_dma.o(.text.HAL_DMA_UnRegisterCallback), (102 bytes).
    Removing stm32f0xx_hal_dma.o(.ARM.exidx.text.HAL_DMA_UnRegisterCallback), (8 bytes).
    Removing stm32f0xx_hal_dma.o(.text.HAL_DMA_GetState), (6 bytes).
    Removing stm32f0xx_hal_dma.o(.ARM.exidx.text.HAL_DMA_GetState), (8 bytes).
    Removing stm32f0xx_hal_dma.o(.text.HAL_DMA_GetError), (4 bytes).
    Removing stm32f0xx_hal_dma.o(.ARM.exidx.text.HAL_DMA_GetError), (8 bytes).
    Removing stm32f0xx_hal_cortex.o(.text), (0 bytes).
    Removing stm32f0xx_hal_cortex.o(.ARM.exidx.text.HAL_NVIC_SetPriority), (8 bytes).
    Removing stm32f0xx_hal_cortex.o(.ARM.exidx.text.HAL_NVIC_EnableIRQ), (8 bytes).
    Removing stm32f0xx_hal_cortex.o(.text.HAL_NVIC_DisableIRQ), (20 bytes).
    Removing stm32f0xx_hal_cortex.o(.ARM.exidx.text.HAL_NVIC_DisableIRQ), (8 bytes).
    Removing stm32f0xx_hal_cortex.o(.text.HAL_NVIC_SystemReset), (32 bytes).
    Removing stm32f0xx_hal_cortex.o(.ARM.exidx.text.HAL_NVIC_SystemReset), (8 bytes).
    Removing stm32f0xx_hal_cortex.o(.ARM.exidx.text.HAL_SYSTICK_Config), (8 bytes).
    Removing stm32f0xx_hal_cortex.o(.text.HAL_NVIC_GetPriority), (48 bytes).
    Removing stm32f0xx_hal_cortex.o(.ARM.exidx.text.HAL_NVIC_GetPriority), (8 bytes).
    Removing stm32f0xx_hal_cortex.o(.text.HAL_NVIC_SetPendingIRQ), (20 bytes).
    Removing stm32f0xx_hal_cortex.o(.ARM.exidx.text.HAL_NVIC_SetPendingIRQ), (8 bytes).
    Removing stm32f0xx_hal_cortex.o(.text.HAL_NVIC_GetPendingIRQ), (20 bytes).
    Removing stm32f0xx_hal_cortex.o(.ARM.exidx.text.HAL_NVIC_GetPendingIRQ), (8 bytes).
    Removing stm32f0xx_hal_cortex.o(.text.HAL_NVIC_ClearPendingIRQ), (20 bytes).
    Removing stm32f0xx_hal_cortex.o(.ARM.exidx.text.HAL_NVIC_ClearPendingIRQ), (8 bytes).
    Removing stm32f0xx_hal_cortex.o(.text.HAL_SYSTICK_CLKSourceConfig), (28 bytes).
    Removing stm32f0xx_hal_cortex.o(.ARM.exidx.text.HAL_SYSTICK_CLKSourceConfig), (8 bytes).
    Removing stm32f0xx_hal_cortex.o(.text.HAL_SYSTICK_IRQHandler), (8 bytes).
    Removing stm32f0xx_hal_cortex.o(.ARM.exidx.text.HAL_SYSTICK_IRQHandler), (8 bytes).
    Removing stm32f0xx_hal_cortex.o(.text.HAL_SYSTICK_Callback), (2 bytes).
    Removing stm32f0xx_hal_cortex.o(.ARM.exidx.text.HAL_SYSTICK_Callback), (8 bytes).
    Removing stm32f0xx_hal_pwr.o(.text), (0 bytes).
    Removing stm32f0xx_hal_pwr.o(.text.HAL_PWR_DeInit), (24 bytes).
    Removing stm32f0xx_hal_pwr.o(.ARM.exidx.text.HAL_PWR_DeInit), (8 bytes).
    Removing stm32f0xx_hal_pwr.o(.text.HAL_PWR_EnableBkUpAccess), (20 bytes).
    Removing stm32f0xx_hal_pwr.o(.ARM.exidx.text.HAL_PWR_EnableBkUpAccess), (8 bytes).
    Removing stm32f0xx_hal_pwr.o(.text.HAL_PWR_DisableBkUpAccess), (20 bytes).
    Removing stm32f0xx_hal_pwr.o(.ARM.exidx.text.HAL_PWR_DisableBkUpAccess), (8 bytes).
    Removing stm32f0xx_hal_pwr.o(.text.HAL_PWR_EnableWakeUpPin), (16 bytes).
    Removing stm32f0xx_hal_pwr.o(.ARM.exidx.text.HAL_PWR_EnableWakeUpPin), (8 bytes).
    Removing stm32f0xx_hal_pwr.o(.text.HAL_PWR_DisableWakeUpPin), (16 bytes).
    Removing stm32f0xx_hal_pwr.o(.ARM.exidx.text.HAL_PWR_DisableWakeUpPin), (8 bytes).
    Removing stm32f0xx_hal_pwr.o(.text.HAL_PWR_EnterSLEEPMode), (32 bytes).
    Removing stm32f0xx_hal_pwr.o(.ARM.exidx.text.HAL_PWR_EnterSLEEPMode), (8 bytes).
    Removing stm32f0xx_hal_pwr.o(.text.HAL_PWR_EnterSTOPMode), (60 bytes).
    Removing stm32f0xx_hal_pwr.o(.ARM.exidx.text.HAL_PWR_EnterSTOPMode), (8 bytes).
    Removing stm32f0xx_hal_pwr.o(.text.HAL_PWR_EnterSTANDBYMode), (32 bytes).
    Removing stm32f0xx_hal_pwr.o(.ARM.exidx.text.HAL_PWR_EnterSTANDBYMode), (8 bytes).
    Removing stm32f0xx_hal_pwr.o(.text.HAL_PWR_EnableSleepOnExit), (16 bytes).
    Removing stm32f0xx_hal_pwr.o(.ARM.exidx.text.HAL_PWR_EnableSleepOnExit), (8 bytes).
    Removing stm32f0xx_hal_pwr.o(.text.HAL_PWR_DisableSleepOnExit), (16 bytes).
    Removing stm32f0xx_hal_pwr.o(.ARM.exidx.text.HAL_PWR_DisableSleepOnExit), (8 bytes).
    Removing stm32f0xx_hal_pwr.o(.text.HAL_PWR_EnableSEVOnPend), (16 bytes).
    Removing stm32f0xx_hal_pwr.o(.ARM.exidx.text.HAL_PWR_EnableSEVOnPend), (8 bytes).
    Removing stm32f0xx_hal_pwr.o(.text.HAL_PWR_DisableSEVOnPend), (16 bytes).
    Removing stm32f0xx_hal_pwr.o(.ARM.exidx.text.HAL_PWR_DisableSEVOnPend), (8 bytes).
    Removing stm32f0xx_hal_pwr_ex.o(.text), (0 bytes).
    Removing stm32f0xx_hal_flash.o(.text), (0 bytes).
    Removing stm32f0xx_hal_flash.o(.text.HAL_FLASH_Program), (340 bytes).
    Removing stm32f0xx_hal_flash.o(.ARM.exidx.text.HAL_FLASH_Program), (8 bytes).
    Removing stm32f0xx_hal_flash.o(.text.FLASH_WaitForLastOperation), (172 bytes).
    Removing stm32f0xx_hal_flash.o(.ARM.exidx.text.FLASH_WaitForLastOperation), (8 bytes).
    Removing stm32f0xx_hal_flash.o(.text.HAL_FLASH_Program_IT), (92 bytes).
    Removing stm32f0xx_hal_flash.o(.ARM.exidx.text.HAL_FLASH_Program_IT), (8 bytes).
    Removing stm32f0xx_hal_flash.o(.text.HAL_FLASH_IRQHandler), (348 bytes).
    Removing stm32f0xx_hal_flash.o(.ARM.exidx.text.HAL_FLASH_IRQHandler), (8 bytes).
    Removing stm32f0xx_hal_flash.o(.text.HAL_FLASH_OperationErrorCallback), (2 bytes).
    Removing stm32f0xx_hal_flash.o(.ARM.exidx.text.HAL_FLASH_OperationErrorCallback), (8 bytes).
    Removing stm32f0xx_hal_flash.o(.text.HAL_FLASH_EndOfOperationCallback), (2 bytes).
    Removing stm32f0xx_hal_flash.o(.ARM.exidx.text.HAL_FLASH_EndOfOperationCallback), (8 bytes).
    Removing stm32f0xx_hal_flash.o(.text.HAL_FLASH_Unlock), (36 bytes).
    Removing stm32f0xx_hal_flash.o(.ARM.exidx.text.HAL_FLASH_Unlock), (8 bytes).
    Removing stm32f0xx_hal_flash.o(.text.HAL_FLASH_Lock), (20 bytes).
    Removing stm32f0xx_hal_flash.o(.ARM.exidx.text.HAL_FLASH_Lock), (8 bytes).
    Removing stm32f0xx_hal_flash.o(.text.HAL_FLASH_OB_Unlock), (36 bytes).
    Removing stm32f0xx_hal_flash.o(.ARM.exidx.text.HAL_FLASH_OB_Unlock), (8 bytes).
    Removing stm32f0xx_hal_flash.o(.text.HAL_FLASH_OB_Lock), (20 bytes).
    Removing stm32f0xx_hal_flash.o(.ARM.exidx.text.HAL_FLASH_OB_Lock), (8 bytes).
    Removing stm32f0xx_hal_flash.o(.text.HAL_FLASH_OB_Launch), (152 bytes).
    Removing stm32f0xx_hal_flash.o(.ARM.exidx.text.HAL_FLASH_OB_Launch), (8 bytes).
    Removing stm32f0xx_hal_flash.o(.text.HAL_FLASH_GetError), (12 bytes).
    Removing stm32f0xx_hal_flash.o(.ARM.exidx.text.HAL_FLASH_GetError), (8 bytes).
    Removing stm32f0xx_hal_flash.o(.bss.pFlash), (32 bytes).
    Removing stm32f0xx_hal_flash_ex.o(.text), (0 bytes).
    Removing stm32f0xx_hal_flash_ex.o(.text.HAL_FLASHEx_Erase), (208 bytes).
    Removing stm32f0xx_hal_flash_ex.o(.ARM.exidx.text.HAL_FLASHEx_Erase), (8 bytes).
    Removing stm32f0xx_hal_flash_ex.o(.text.FLASH_PageErase), (36 bytes).
    Removing stm32f0xx_hal_flash_ex.o(.ARM.exidx.text.FLASH_PageErase), (8 bytes).
    Removing stm32f0xx_hal_flash_ex.o(.text.HAL_FLASHEx_Erase_IT), (112 bytes).
    Removing stm32f0xx_hal_flash_ex.o(.ARM.exidx.text.HAL_FLASHEx_Erase_IT), (8 bytes).
    Removing stm32f0xx_hal_flash_ex.o(.text.HAL_FLASHEx_OBErase), (176 bytes).
    Removing stm32f0xx_hal_flash_ex.o(.ARM.exidx.text.HAL_FLASHEx_OBErase), (8 bytes).
    Removing stm32f0xx_hal_flash_ex.o(.text.HAL_FLASHEx_OBProgram), (448 bytes).
    Removing stm32f0xx_hal_flash_ex.o(.ARM.exidx.text.HAL_FLASHEx_OBProgram), (8 bytes).
    Removing stm32f0xx_hal_flash_ex.o(.text.HAL_FLASHEx_OBGetConfig), (60 bytes).
    Removing stm32f0xx_hal_flash_ex.o(.ARM.exidx.text.HAL_FLASHEx_OBGetConfig), (8 bytes).
    Removing stm32f0xx_hal_flash_ex.o(.text.HAL_FLASHEx_OBGetUserData), (28 bytes).
    Removing stm32f0xx_hal_flash_ex.o(.ARM.exidx.text.HAL_FLASHEx_OBGetUserData), (8 bytes).
    Removing system_stm32f0xx.o(.text), (0 bytes).
    Removing system_stm32f0xx.o(.ARM.exidx.text.SystemInit), (8 bytes).
    Removing system_stm32f0xx.o(.text.SystemCoreClockUpdate), (96 bytes).
    Removing system_stm32f0xx.o(.ARM.exidx.text.SystemCoreClockUpdate), (8 bytes).
    Removing dcmplt.o(.text), (44 bytes).
    Removing dfltui.o(.text), (28 bytes).

542 unused section(s) (total 26274 bytes) removed from the image.

==============================================================================

Image Symbol Table

    Local Symbols

    Symbol Name                              Value     Ov Type        Size  Object(Section)

    ../clib/division.s                       0x00000000   Number         0  aeabi_sdivfast.o ABSOLUTE
    ../clib/division.s                       0x00000000   Number         0  aeabi_sdivfast_div0.o ABSOLUTE
    ../clib/microlib/division.c              0x00000000   Number         0  uidiv.o ABSOLUTE
    ../clib/microlib/division.c              0x00000000   Number         0  uidiv_div0.o ABSOLUTE
    ../clib/microlib/division.c              0x00000000   Number         0  idiv_div0.o ABSOLUTE
    ../clib/microlib/division.c              0x00000000   Number         0  idiv0.o ABSOLUTE
    ../clib/microlib/division.c              0x00000000   Number         0  uldiv.o ABSOLUTE
    ../clib/microlib/init/entry.s            0x00000000   Number         0  entry.o ABSOLUTE
    ../clib/microlib/init/entry.s            0x00000000   Number         0  entry2.o ABSOLUTE
    ../clib/microlib/init/entry.s            0x00000000   Number         0  entry5.o ABSOLUTE
    ../clib/microlib/init/entry.s            0x00000000   Number         0  entry7a.o ABSOLUTE
    ../clib/microlib/init/entry.s            0x00000000   Number         0  entry7b.o ABSOLUTE
    ../clib/microlib/init/entry.s            0x00000000   Number         0  entry8a.o ABSOLUTE
    ../clib/microlib/init/entry.s            0x00000000   Number         0  entry8b.o ABSOLUTE
    ../clib/microlib/init/entry.s            0x00000000   Number         0  entry9a.o ABSOLUTE
    ../clib/microlib/init/entry.s            0x00000000   Number         0  entry9b.o ABSOLUTE
    ../clib/microlib/init/entry.s            0x00000000   Number         0  entry10a.o ABSOLUTE
    ../clib/microlib/init/entry.s            0x00000000   Number         0  entry10b.o ABSOLUTE
    ../clib/microlib/init/entry.s            0x00000000   Number         0  entry11a.o ABSOLUTE
    ../clib/microlib/init/entry.s            0x00000000   Number         0  entry11b.o ABSOLUTE
    ../clib/microlib/longlong.c              0x00000000   Number         0  llushr.o ABSOLUTE
    ../clib/microlib/longlong.c              0x00000000   Number         0  llshl.o ABSOLUTE
    ../clib/microlib/longlong.c              0x00000000   Number         0  llsshr.o ABSOLUTE
    ../clib/microlib/printf/printf.c         0x00000000   Number         0  printfb.o ABSOLUTE
    ../clib/microlib/printf/printf.c         0x00000000   Number         0  printf0.o ABSOLUTE
    ../clib/microlib/printf/printf.c         0x00000000   Number         0  printf1.o ABSOLUTE
    ../clib/microlib/printf/printf.c         0x00000000   Number         0  printf2.o ABSOLUTE
    ../clib/microlib/printf/printf.c         0x00000000   Number         0  printf3.o ABSOLUTE
    ../clib/microlib/printf/printf.c         0x00000000   Number         0  printf4.o ABSOLUTE
    ../clib/microlib/printf/printf.c         0x00000000   Number         0  printf5.o ABSOLUTE
    ../clib/microlib/printf/printf.c         0x00000000   Number         0  printf6.o ABSOLUTE
    ../clib/microlib/printf/printf.c         0x00000000   Number         0  printf7.o ABSOLUTE
    ../clib/microlib/printf/printf.c         0x00000000   Number         0  printf8.o ABSOLUTE
    ../clib/microlib/printf/printf.c         0x00000000   Number         0  printfa.o ABSOLUTE
    ../clib/microlib/printf/stubs.s          0x00000000   Number         0  printfstubs.o ABSOLUTE
    ../clib/microlib/stdio/fputc.c           0x00000000   Number         0  fputc.o ABSOLUTE
    ../clib/microlib/stdio/fputc.c           0x00000000   Number         0  fputc_h.o ABSOLUTE
    ../clib/microlib/stdio/puts.c            0x00000000   Number         0  puts.o ABSOLUTE
    ../clib/microlib/stdio/puts.c            0x00000000   Number         0  puts_e.o ABSOLUTE
    ../clib/microlib/stdio/semi.s            0x00000000   Number         0  semi.o ABSOLUTE
    ../clib/microlib/stdio/streams.c         0x00000000   Number         0  stdout.o ABSOLUTE
    ../clib/microlib/stubs.s                 0x00000000   Number         0  iusefp.o ABSOLUTE
    ../clib/microlib/stubs.s                 0x00000000   Number         0  iusesemip.o ABSOLUTE
    ../fplib/microlib/d2f.c                  0x00000000   Number         0  d2f.o ABSOLUTE
    ../fplib/microlib/f2d.c                  0x00000000   Number         0  f2d.o ABSOLUTE
    ../fplib/microlib/fpadd.c                0x00000000   Number         0  dadd.o ABSOLUTE
    ../fplib/microlib/fpcmp.c                0x00000000   Number         0  dcmplt.o ABSOLUTE
    ../fplib/microlib/fpdiv.c                0x00000000   Number         0  ddiv.o ABSOLUTE
    ../fplib/microlib/fpepilogue.c           0x00000000   Number         0  fepilogue.o ABSOLUTE
    ../fplib/microlib/fpepilogue.c           0x00000000   Number         0  depilogue.o ABSOLUTE
    ../fplib/microlib/fpfix.c                0x00000000   Number         0  dfixul.o ABSOLUTE
    ../fplib/microlib/fpflt.c                0x00000000   Number         0  dflti.o ABSOLUTE
    ../fplib/microlib/fpflt.c                0x00000000   Number         0  dfltui.o ABSOLUTE
    ../fplib/microlib/fpmul.c                0x00000000   Number         0  dmul.o ABSOLUTE
    as5600.c                                 0x00000000   Number         0  as5600.o ABSOLUTE
    cdrcmple.s                               0x00000000   Number         0  cdrcmple.o ABSOLUTE
    dc.s                                     0x00000000   Number         0  dc.o ABSOLUTE
    handlers.s                               0x00000000   Number         0  handlers.o ABSOLUTE
    init.s                                   0x00000000   Number         0  init.o ABSOLUTE
    main.c                                   0x00000000   Number         0  main.o ABSOLUTE
    startup_stm32f030x6.s                    0x00000000   Number         0  startup_stm32f030x6.o ABSOLUTE
    stm32f0xx_hal.c                          0x00000000   Number         0  stm32f0xx_hal.o ABSOLUTE
    stm32f0xx_hal_cortex.c                   0x00000000   Number         0  stm32f0xx_hal_cortex.o ABSOLUTE
    stm32f0xx_hal_dma.c                      0x00000000   Number         0  stm32f0xx_hal_dma.o ABSOLUTE
    stm32f0xx_hal_flash.c                    0x00000000   Number         0  stm32f0xx_hal_flash.o ABSOLUTE
    stm32f0xx_hal_flash_ex.c                 0x00000000   Number         0  stm32f0xx_hal_flash_ex.o ABSOLUTE
    stm32f0xx_hal_gpio.c                     0x00000000   Number         0  stm32f0xx_hal_gpio.o ABSOLUTE
    stm32f0xx_hal_i2c.c                      0x00000000   Number         0  stm32f0xx_hal_i2c.o ABSOLUTE
    stm32f0xx_hal_i2c_ex.c                   0x00000000   Number         0  stm32f0xx_hal_i2c_ex.o ABSOLUTE
    stm32f0xx_hal_msp.c                      0x00000000   Number         0  stm32f0xx_hal_msp.o ABSOLUTE
    stm32f0xx_hal_pwr.c                      0x00000000   Number         0  stm32f0xx_hal_pwr.o ABSOLUTE
    stm32f0xx_hal_pwr_ex.c                   0x00000000   Number         0  stm32f0xx_hal_pwr_ex.o ABSOLUTE
    stm32f0xx_hal_rcc.c                      0x00000000   Number         0  stm32f0xx_hal_rcc.o ABSOLUTE
    stm32f0xx_hal_rcc_ex.c                   0x00000000   Number         0  stm32f0xx_hal_rcc_ex.o ABSOLUTE
    stm32f0xx_hal_tim.c                      0x00000000   Number         0  stm32f0xx_hal_tim.o ABSOLUTE
    stm32f0xx_hal_tim_ex.c                   0x00000000   Number         0  stm32f0xx_hal_tim_ex.o ABSOLUTE
    stm32f0xx_hal_uart.c                     0x00000000   Number         0  stm32f0xx_hal_uart.o ABSOLUTE
    stm32f0xx_hal_uart_ex.c                  0x00000000   Number         0  stm32f0xx_hal_uart_ex.o ABSOLUTE
    stm32f0xx_it.c                           0x00000000   Number         0  stm32f0xx_it.o ABSOLUTE
    system_stm32f0xx.c                       0x00000000   Number         0  system_stm32f0xx.o ABSOLUTE
    RESET                                    0x08000000   Section      176  startup_stm32f030x6.o(RESET)
    .ARM.Collect$$$$00000000                 0x080000b0   Section        0  entry.o(.ARM.Collect$$$$00000000)
    .ARM.Collect$$$$00000001                 0x080000b0   Section        4  entry2.o(.ARM.Collect$$$$00000001)
    .ARM.Collect$$$$00000004                 0x080000b4   Section        4  entry5.o(.ARM.Collect$$$$00000004)
    .ARM.Collect$$$$00000008                 0x080000b8   Section        0  entry7b.o(.ARM.Collect$$$$00000008)
    .ARM.Collect$$$$0000000A                 0x080000b8   Section        0  entry8b.o(.ARM.Collect$$$$0000000A)
    .ARM.Collect$$$$0000000B                 0x080000b8   Section        8  entry9a.o(.ARM.Collect$$$$0000000B)
    __lit__00000000                          0x080000c0   Data           4  entry2.o(.ARM.Collect$$$$00002712)
    .ARM.Collect$$$$0000000D                 0x080000c0   Section        0  entry10a.o(.ARM.Collect$$$$0000000D)
    .ARM.Collect$$$$0000000F                 0x080000c0   Section        0  entry11a.o(.ARM.Collect$$$$0000000F)
    .ARM.Collect$$$$00002712                 0x080000c0   Section        4  entry2.o(.ARM.Collect$$$$00002712)
    .text                                    0x080000c4   Section       28  startup_stm32f030x6.o(.text)
    .text                                    0x080000e0   Section        0  llushr.o(.text)
    .text                                    0x08000104   Section        0  dmul.o(.text)
    .text                                    0x080001d4   Section        0  dflti.o(.text)
    .text                                    0x080001fc   Section        0  f2d.o(.text)
    .text                                    0x08000224   Section        0  d2f.o(.text)
    .text                                    0x0800025c   Section        0  uidiv_div0.o(.text)
    .text                                    0x0800029a   Section        0  uldiv.o(.text)
    .text                                    0x080002fa   Section        0  iusefp.o(.text)
    .text                                    0x080002fa   Section        0  fepilogue.o(.text)
    .text                                    0x0800037c   Section        0  depilogue.o(.text)
    .text                                    0x0800043c   Section        0  dadd.o(.text)
    .text                                    0x080005a0   Section        0  ddiv.o(.text)
    .text                                    0x08000690   Section        0  dfixul.o(.text)
    .text                                    0x080006d0   Section       40  cdrcmple.o(.text)
    .text                                    0x080006f8   Section       36  init.o(.text)
    .text                                    0x0800071c   Section        0  semi.o(.text)
    .text                                    0x0800071c   Section        0  llshl.o(.text)
    .text                                    0x0800073c   Section        0  llsshr.o(.text)
    .text                                    0x08000762   Section        0  iusesemip.o(.text)
    [Anonymous Symbol]                       0x08000764   Section        0  stm32f0xx_it.o(.text.DMA1_Channel2_3_IRQHandler)
    __arm_cp.5_0                             0x08000770   Number         4  stm32f0xx_it.o(.text.DMA1_Channel2_3_IRQHandler)
    [Anonymous Symbol]                       0x08000774   Section        0  main.o(.text.Error_Handler)
    [Anonymous Symbol]                       0x08000776   Section        0  stm32f0xx_hal_dma.o(.text.HAL_DMA_Abort_IT)
    [Anonymous Symbol]                       0x080007b8   Section        0  stm32f0xx_hal_dma.o(.text.HAL_DMA_IRQHandler)
    [Anonymous Symbol]                       0x0800088c   Section        0  stm32f0xx_hal_dma.o(.text.HAL_DMA_Init)
    __arm_cp.0_0                             0x08000904   Number         4  stm32f0xx_hal_dma.o(.text.HAL_DMA_Init)
    __arm_cp.0_1                             0x08000908   Number         4  stm32f0xx_hal_dma.o(.text.HAL_DMA_Init)
    __arm_cp.0_2                             0x0800090c   Number         4  stm32f0xx_hal_dma.o(.text.HAL_DMA_Init)
    [Anonymous Symbol]                       0x08000910   Section        0  stm32f0xx_hal.o(.text.HAL_Delay)
    [Anonymous Symbol]                       0x08000934   Section        0  stm32f0xx_hal_gpio.o(.text.HAL_GPIO_Init)
    __arm_cp.0_0                             0x08000ab4   Number         4  stm32f0xx_hal_gpio.o(.text.HAL_GPIO_Init)
    __arm_cp.0_1                             0x08000ab8   Number         4  stm32f0xx_hal_gpio.o(.text.HAL_GPIO_Init)
    __arm_cp.0_3                             0x08000abc   Number         4  stm32f0xx_hal_gpio.o(.text.HAL_GPIO_Init)
    __arm_cp.0_4                             0x08000ac0   Number         4  stm32f0xx_hal_gpio.o(.text.HAL_GPIO_Init)
    __arm_cp.0_5                             0x08000ac4   Number         4  stm32f0xx_hal_gpio.o(.text.HAL_GPIO_Init)
    __arm_cp.0_6                             0x08000ac8   Number         4  stm32f0xx_hal_gpio.o(.text.HAL_GPIO_Init)
    [Anonymous Symbol]                       0x08000acc   Section        0  stm32f0xx_hal_gpio.o(.text.HAL_GPIO_WritePin)
    [Anonymous Symbol]                       0x08000adc   Section        0  stm32f0xx_hal.o(.text.HAL_GetTick)
    [Anonymous Symbol]                       0x08000ae4   Section        0  stm32f0xx_hal.o(.text.HAL_IncTick)
    __arm_cp.5_0                             0x08000af0   Number         4  stm32f0xx_hal.o(.text.HAL_IncTick)
    [Anonymous Symbol]                       0x08000af4   Section        0  stm32f0xx_hal.o(.text.HAL_Init)
    [Anonymous Symbol]                       0x08000b10   Section        0  stm32f0xx_hal.o(.text.HAL_InitTick)
    [Anonymous Symbol]                       0x08000b34   Section        0  stm32f0xx_hal_msp.o(.text.HAL_MspInit)
    __arm_cp.0_0                             0x08000b5c   Number         4  stm32f0xx_hal_msp.o(.text.HAL_MspInit)
    [Anonymous Symbol]                       0x08000b60   Section        0  stm32f0xx_hal_cortex.o(.text.HAL_NVIC_EnableIRQ)
    __arm_cp.1_0                             0x08000b70   Number         4  stm32f0xx_hal_cortex.o(.text.HAL_NVIC_EnableIRQ)
    [Anonymous Symbol]                       0x08000b74   Section        0  stm32f0xx_hal_cortex.o(.text.HAL_NVIC_SetPriority)
    __arm_cp.0_0                             0x08000ba4   Number         4  stm32f0xx_hal_cortex.o(.text.HAL_NVIC_SetPriority)
    __arm_cp.0_1                             0x08000ba8   Number         4  stm32f0xx_hal_cortex.o(.text.HAL_NVIC_SetPriority)
    [Anonymous Symbol]                       0x08000bac   Section        0  stm32f0xx_hal_rcc_ex.o(.text.HAL_RCCEx_PeriphCLKConfig)
    __arm_cp.0_0                             0x08000ca0   Number         4  stm32f0xx_hal_rcc_ex.o(.text.HAL_RCCEx_PeriphCLKConfig)
    __arm_cp.0_1                             0x08000ca4   Number         4  stm32f0xx_hal_rcc_ex.o(.text.HAL_RCCEx_PeriphCLKConfig)
    __arm_cp.0_2                             0x08000ca8   Number         4  stm32f0xx_hal_rcc_ex.o(.text.HAL_RCCEx_PeriphCLKConfig)
    [Anonymous Symbol]                       0x08000cac   Section        0  stm32f0xx_hal_rcc.o(.text.HAL_RCC_ClockConfig)
    __arm_cp.2_0                             0x08000e04   Number         4  stm32f0xx_hal_rcc.o(.text.HAL_RCC_ClockConfig)
    __arm_cp.2_2                             0x08000e08   Number         4  stm32f0xx_hal_rcc.o(.text.HAL_RCC_ClockConfig)
    __arm_cp.2_7                             0x08000e0c   Number         4  stm32f0xx_hal_rcc.o(.text.HAL_RCC_ClockConfig)
    [Anonymous Symbol]                       0x08000e10   Section        0  stm32f0xx_hal_rcc.o(.text.HAL_RCC_GetHCLKFreq)
    [Anonymous Symbol]                       0x08000e18   Section        0  stm32f0xx_hal_rcc.o(.text.HAL_RCC_GetPCLK1Freq)
    __arm_cp.8_0                             0x08000e2c   Number         4  stm32f0xx_hal_rcc.o(.text.HAL_RCC_GetPCLK1Freq)
    __arm_cp.8_2                             0x08000e30   Number         4  stm32f0xx_hal_rcc.o(.text.HAL_RCC_GetPCLK1Freq)
    [Anonymous Symbol]                       0x08000e34   Section        0  stm32f0xx_hal_rcc.o(.text.HAL_RCC_GetSysClockFreq)
    __arm_cp.3_0                             0x08000e6c   Number         4  stm32f0xx_hal_rcc.o(.text.HAL_RCC_GetSysClockFreq)
    __arm_cp.3_1                             0x08000e70   Number         4  stm32f0xx_hal_rcc.o(.text.HAL_RCC_GetSysClockFreq)
    __arm_cp.3_2                             0x08000e74   Number         4  stm32f0xx_hal_rcc.o(.text.HAL_RCC_GetSysClockFreq)
    __arm_cp.3_3                             0x08000e78   Number         4  stm32f0xx_hal_rcc.o(.text.HAL_RCC_GetSysClockFreq)
    __arm_cp.3_4                             0x08000e7c   Number         4  stm32f0xx_hal_rcc.o(.text.HAL_RCC_GetSysClockFreq)
    [Anonymous Symbol]                       0x08000e80   Section        0  stm32f0xx_hal_rcc.o(.text.HAL_RCC_OscConfig)
    __arm_cp.1_0                             0x08001248   Number         4  stm32f0xx_hal_rcc.o(.text.HAL_RCC_OscConfig)
    __arm_cp.1_1                             0x0800124c   Number         4  stm32f0xx_hal_rcc.o(.text.HAL_RCC_OscConfig)
    __arm_cp.1_2                             0x08001250   Number         4  stm32f0xx_hal_rcc.o(.text.HAL_RCC_OscConfig)
    [Anonymous Symbol]                       0x08001254   Section        0  stm32f0xx_hal_cortex.o(.text.HAL_SYSTICK_Config)
    __arm_cp.4_0                             0x0800127c   Number         4  stm32f0xx_hal_cortex.o(.text.HAL_SYSTICK_Config)
    __arm_cp.4_1                             0x08001280   Number         4  stm32f0xx_hal_cortex.o(.text.HAL_SYSTICK_Config)
    __arm_cp.4_2                             0x08001284   Number         4  stm32f0xx_hal_cortex.o(.text.HAL_SYSTICK_Config)
    [Anonymous Symbol]                       0x08001288   Section        0  stm32f0xx_hal_uart.o(.text.HAL_UART_ErrorCallback)
    [Anonymous Symbol]                       0x0800128c   Section        0  stm32f0xx_hal_uart.o(.text.HAL_UART_IRQHandler)
    __arm_cp.37_0                            0x08001554   Number         4  stm32f0xx_hal_uart.o(.text.HAL_UART_IRQHandler)
    [Anonymous Symbol]                       0x08001558   Section        0  stm32f0xx_hal_uart.o(.text.HAL_UART_Init)
    [Anonymous Symbol]                       0x080015c8   Section        0  stm32f0xx_hal_msp.o(.text.HAL_UART_MspInit)
    __arm_cp.1_0                             0x0800165c   Number         4  stm32f0xx_hal_msp.o(.text.HAL_UART_MspInit)
    __arm_cp.1_1                             0x08001660   Number         4  stm32f0xx_hal_msp.o(.text.HAL_UART_MspInit)
    __arm_cp.1_2                             0x08001664   Number         4  stm32f0xx_hal_msp.o(.text.HAL_UART_MspInit)
    __arm_cp.1_3                             0x08001668   Number         4  stm32f0xx_hal_msp.o(.text.HAL_UART_MspInit)
    [Anonymous Symbol]                       0x0800166c   Section        0  stm32f0xx_hal_uart.o(.text.HAL_UART_Receive_IT)
    __arm_cp.13_0                            0x08001700   Number         4  stm32f0xx_hal_uart.o(.text.HAL_UART_Receive_IT)
    [Anonymous Symbol]                       0x08001704   Section        0  stm32f0xx_hal_uart.o(.text.HAL_UART_RxCpltCallback)
    [Anonymous Symbol]                       0x08001706   Section        0  stm32f0xx_hal_uart.o(.text.HAL_UART_TxCpltCallback)
    [Anonymous Symbol]                       0x08001708   Section        0  stm32f0xx_it.o(.text.HardFault_Handler)
    [Anonymous Symbol]                       0x0800170a   Section        0  stm32f0xx_it.o(.text.NMI_Handler)
    [Anonymous Symbol]                       0x0800170c   Section        0  stm32f0xx_it.o(.text.PendSV_Handler)
    [Anonymous Symbol]                       0x08001710   Section        0  as5600.o(.text.Programe_Run)
    __arm_cp.36_1                            0x080017a8   Number         4  as5600.o(.text.Programe_Run)
    __arm_cp.36_3                            0x080017bc   Number         4  as5600.o(.text.Programe_Run)
    __arm_cp.36_4                            0x080017c0   Number         4  as5600.o(.text.Programe_Run)
    [Anonymous Symbol]                       0x080017d4   Section        0  stm32f0xx_it.o(.text.SVC_Handler)
    [Anonymous Symbol]                       0x080017d8   Section        0  as5600.o(.text.Sim_I2C1_ReceiveByte)
    [Anonymous Symbol]                       0x080018f8   Section        0  as5600.o(.text.Sim_I2C1_ReceiveByte_WithACK)
    __arm_cp.8_1                             0x08001a18   Number         4  as5600.o(.text.Sim_I2C1_ReceiveByte_WithACK)
    [Anonymous Symbol]                       0x08001a1c   Section        0  as5600.o(.text.Sim_I2C1_SendByte)
    __arm_cp.6_0                             0x08001b18   Number         4  as5600.o(.text.Sim_I2C1_SendByte)
    __arm_cp.6_1                             0x08001b1c   Number         4  as5600.o(.text.Sim_I2C1_SendByte)
    __arm_cp.6_2                             0x08001b20   Number         4  as5600.o(.text.Sim_I2C1_SendByte)
    [Anonymous Symbol]                       0x08001b24   Section        0  as5600.o(.text.Sim_I2C_Read8)
    __arm_cp.9_0                             0x08001e44   Number         4  as5600.o(.text.Sim_I2C_Read8)
    __arm_cp.9_1                             0x08001e48   Number         4  as5600.o(.text.Sim_I2C_Read8)
    __arm_cp.9_2                             0x08001e4c   Number         4  as5600.o(.text.Sim_I2C_Read8)
    __arm_cp.9_3                             0x08001e50   Number         4  as5600.o(.text.Sim_I2C_Read8)
    [Anonymous Symbol]                       0x08001e54   Section        0  stm32f0xx_it.o(.text.SysTick_Handler)
    [Anonymous Symbol]                       0x08001e5c   Section        0  system_stm32f0xx.o(.text.SystemInit)
    __arm_cp.0_0                             0x08001ea8   Number         4  system_stm32f0xx.o(.text.SystemInit)
    __arm_cp.0_1                             0x08001eac   Number         4  system_stm32f0xx.o(.text.SystemInit)
    __arm_cp.0_2                             0x08001eb0   Number         4  system_stm32f0xx.o(.text.SystemInit)
    [Anonymous Symbol]                       0x08001eb4   Section        0  stm32f0xx_hal_uart.o(.text.UART_AdvFeatureConfig)
    UART_DMAAbortOnError                     0x08001f87   Thumb Code    22  stm32f0xx_hal_uart.o(.text.UART_DMAAbortOnError)
    [Anonymous Symbol]                       0x08001f86   Section        0  stm32f0xx_hal_uart.o(.text.UART_DMAAbortOnError)
    [Anonymous Symbol]                       0x08001f9c   Section        0  stm32f0xx_hal_uart.o(.text.UART_SetConfig)
    __arm_cp.2_0                             0x08002080   Number         4  stm32f0xx_hal_uart.o(.text.UART_SetConfig)
    __arm_cp.2_1                             0x08002084   Number         4  stm32f0xx_hal_uart.o(.text.UART_SetConfig)
    __arm_cp.2_3                             0x08002098   Number         4  stm32f0xx_hal_uart.o(.text.UART_SetConfig)
    __arm_cp.2_4                             0x0800209c   Number         4  stm32f0xx_hal_uart.o(.text.UART_SetConfig)
    __arm_cp.2_5                             0x080020a0   Number         4  stm32f0xx_hal_uart.o(.text.UART_SetConfig)
    [Anonymous Symbol]                       0x080020a4   Section        0  stm32f0xx_it.o(.text.USART1_IRQHandler)
    __arm_cp.6_0                             0x080020b0   Number         4  stm32f0xx_it.o(.text.USART1_IRQHandler)
    [Anonymous Symbol]                       0x080020b4   Section        0  main.o(.text.main)
    __arm_cp.0_0                             0x080021c4   Number         4  main.o(.text.main)
    __arm_cp.0_1                             0x080021c8   Number         4  main.o(.text.main)
    __arm_cp.0_2                             0x080021cc   Number         4  main.o(.text.main)
    i.__0printf                              0x080021d0   Section        0  printfa.o(i.__0printf)
    i.__ARM_clz                              0x080021f0   Section        0  depilogue.o(i.__ARM_clz)
    i.__scatterload_copy                     0x0800221e   Section       14  handlers.o(i.__scatterload_copy)
    i.__scatterload_null                     0x0800222c   Section        2  handlers.o(i.__scatterload_null)
    i.__scatterload_zeroinit                 0x0800222e   Section       14  handlers.o(i.__scatterload_zeroinit)
    _fp_digits                               0x0800223d   Thumb Code   344  printfa.o(i._fp_digits)
    i._fp_digits                             0x0800223c   Section        0  printfa.o(i._fp_digits)
    _printf_core                             0x080023b1   Thumb Code  1754  printfa.o(i._printf_core)
    i._printf_core                           0x080023b0   Section        0  printfa.o(i._printf_core)
    _printf_post_padding                     0x08002a9d   Thumb Code    32  printfa.o(i._printf_post_padding)
    i._printf_post_padding                   0x08002a9c   Section        0  printfa.o(i._printf_post_padding)
    _printf_pre_padding                      0x08002abd   Thumb Code    44  printfa.o(i._printf_pre_padding)
    i._printf_pre_padding                    0x08002abc   Section        0  printfa.o(i._printf_pre_padding)
    i.fputc                                  0x08002ae8   Section        0  fputc.o(i.fputc)
    [Anonymous Symbol]                       0x08002b12   Section        0  stm32f0xx_hal_rcc.o(.rodata.cst16)
    .data                                    0x20000000   Section        4  stdout.o(.data)
    [Anonymous Symbol]                       0x20000008   Section        0  as5600.o(.bss..L_MergedGlobals)
    [Anonymous Symbol]                       0x20000018   Section        0  main.o(.bss..L_MergedGlobals)
    STACK                                    0x200000d8   Section     1024  startup_stm32f030x6.o(STACK)

    Global Symbols

    Symbol Name                              Value     Ov Type        Size  Object(Section)

    BuildAttributes$$THM_ISAv3M$S$PE$A:L22$X:L11$S22$IEEE1$IW$~IW$USESV6$~STKCKD$USESV7$~SHL$OTIME$ROPI$EBA8$MICROLIB$REQ8$PRES8$EABIv2 0x00000000   Number         0  anon$$obj.o ABSOLUTE
    _printf_a                                0x00000000   Number         0  printfstubs.o ABSOLUTE
    _printf_c                                0x00000000   Number         0  printfstubs.o ABSOLUTE
    _printf_charcount                        0x00000000   Number         0  printfstubs.o ABSOLUTE
    _printf_d                                0x00000000   Number         0  printfstubs.o ABSOLUTE
    _printf_e                                0x00000000   Number         0  printfstubs.o ABSOLUTE
    _printf_f                                0x00000000   Number         0  printfstubs.o ABSOLUTE
    _printf_flags                            0x00000000   Number         0  printfstubs.o ABSOLUTE
    _printf_fp_dec                           0x00000000   Number         0  printfstubs.o ABSOLUTE
    _printf_fp_hex                           0x00000000   Number         0  printfstubs.o ABSOLUTE
    _printf_g                                0x00000000   Number         0  printfstubs.o ABSOLUTE
    _printf_i                                0x00000000   Number         0  printfstubs.o ABSOLUTE
    _printf_int_dec                          0x00000000   Number         0  printfstubs.o ABSOLUTE
    _printf_l                                0x00000000   Number         0  printfstubs.o ABSOLUTE
    _printf_lc                               0x00000000   Number         0  printfstubs.o ABSOLUTE
    _printf_ll                               0x00000000   Number         0  printfstubs.o ABSOLUTE
    _printf_lld                              0x00000000   Number         0  printfstubs.o ABSOLUTE
    _printf_lli                              0x00000000   Number         0  printfstubs.o ABSOLUTE
    _printf_llo                              0x00000000   Number         0  printfstubs.o ABSOLUTE
    _printf_llu                              0x00000000   Number         0  printfstubs.o ABSOLUTE
    _printf_llx                              0x00000000   Number         0  printfstubs.o ABSOLUTE
    _printf_longlong_dec                     0x00000000   Number         0  printfstubs.o ABSOLUTE
    _printf_longlong_hex                     0x00000000   Number         0  printfstubs.o ABSOLUTE
    _printf_longlong_oct                     0x00000000   Number         0  printfstubs.o ABSOLUTE
    _printf_ls                               0x00000000   Number         0  printfstubs.o ABSOLUTE
    _printf_mbtowc                           0x00000000   Number         0  printfstubs.o ABSOLUTE
    _printf_n                                0x00000000   Number         0  printfstubs.o ABSOLUTE
    _printf_o                                0x00000000   Number         0  printfstubs.o ABSOLUTE
    _printf_p                                0x00000000   Number         0  printfstubs.o ABSOLUTE
    _printf_percent                          0x00000000   Number         0  printfstubs.o ABSOLUTE
    _printf_pre_padding                      0x00000000   Number         0  printfstubs.o ABSOLUTE
    _printf_return_value                     0x00000000   Number         0  printfstubs.o ABSOLUTE
    _printf_s                                0x00000000   Number         0  printfstubs.o ABSOLUTE
    _printf_sizespec                         0x00000000   Number         0  printfstubs.o ABSOLUTE
    _printf_str                              0x00000000   Number         0  printfstubs.o ABSOLUTE
    _printf_truncate_signed                  0x00000000   Number         0  printfstubs.o ABSOLUTE
    _printf_truncate_unsigned                0x00000000   Number         0  printfstubs.o ABSOLUTE
    _printf_u                                0x00000000   Number         0  printfstubs.o ABSOLUTE
    _printf_wc                               0x00000000   Number         0  printfstubs.o ABSOLUTE
    _printf_wctomb                           0x00000000   Number         0  printfstubs.o ABSOLUTE
    _printf_widthprec                        0x00000000   Number         0  printfstubs.o ABSOLUTE
    _printf_x                                0x00000000   Number         0  printfstubs.o ABSOLUTE
    __cpp_initialize__aeabi_                  - Undefined Weak Reference
    __cxa_finalize                            - Undefined Weak Reference
    __decompress                              - Undefined Weak Reference
    _clock_init                               - Undefined Weak Reference
    _microlib_exit                            - Undefined Weak Reference
    __Vectors_Size                           0x000000b0   Number         0  startup_stm32f030x6.o ABSOLUTE
    __Vectors                                0x08000000   Data           4  startup_stm32f030x6.o(RESET)
    __Vectors_End                            0x080000b0   Data           0  startup_stm32f030x6.o(RESET)
    __main                                   0x080000b1   Thumb Code     0  entry.o(.ARM.Collect$$$$00000000)
    _main_stk                                0x080000b1   Thumb Code     0  entry2.o(.ARM.Collect$$$$00000001)
    _main_scatterload                        0x080000b5   Thumb Code     0  entry5.o(.ARM.Collect$$$$00000004)
    __main_after_scatterload                 0x080000b9   Thumb Code     0  entry5.o(.ARM.Collect$$$$00000004)
    _main_clock                              0x080000b9   Thumb Code     0  entry7b.o(.ARM.Collect$$$$00000008)
    _main_cpp_init                           0x080000b9   Thumb Code     0  entry8b.o(.ARM.Collect$$$$0000000A)
    _main_init                               0x080000b9   Thumb Code     0  entry9a.o(.ARM.Collect$$$$0000000B)
    __rt_final_cpp                           0x080000c1   Thumb Code     0  entry10a.o(.ARM.Collect$$$$0000000D)
    __rt_final_exit                          0x080000c1   Thumb Code     0  entry11a.o(.ARM.Collect$$$$0000000F)
    Reset_Handler                            0x080000c5   Thumb Code     8  startup_stm32f030x6.o(.text)
    ADC1_IRQHandler                          0x080000d7   Thumb Code     0  startup_stm32f030x6.o(.text)
    DMA1_Channel1_IRQHandler                 0x080000d7   Thumb Code     0  startup_stm32f030x6.o(.text)
    DMA1_Channel4_5_IRQHandler               0x080000d7   Thumb Code     0  startup_stm32f030x6.o(.text)
    EXTI0_1_IRQHandler                       0x080000d7   Thumb Code     0  startup_stm32f030x6.o(.text)
    EXTI2_3_IRQHandler                       0x080000d7   Thumb Code     0  startup_stm32f030x6.o(.text)
    EXTI4_15_IRQHandler                      0x080000d7   Thumb Code     0  startup_stm32f030x6.o(.text)
    FLASH_IRQHandler                         0x080000d7   Thumb Code     0  startup_stm32f030x6.o(.text)
    I2C1_IRQHandler                          0x080000d7   Thumb Code     0  startup_stm32f030x6.o(.text)
    RCC_IRQHandler                           0x080000d7   Thumb Code     0  startup_stm32f030x6.o(.text)
    RTC_IRQHandler                           0x080000d7   Thumb Code     0  startup_stm32f030x6.o(.text)
    SPI1_IRQHandler                          0x080000d7   Thumb Code     0  startup_stm32f030x6.o(.text)
    TIM14_IRQHandler                         0x080000d7   Thumb Code     0  startup_stm32f030x6.o(.text)
    TIM16_IRQHandler                         0x080000d7   Thumb Code     0  startup_stm32f030x6.o(.text)
    TIM17_IRQHandler                         0x080000d7   Thumb Code     0  startup_stm32f030x6.o(.text)
    TIM1_BRK_UP_TRG_COM_IRQHandler           0x080000d7   Thumb Code     0  startup_stm32f030x6.o(.text)
    TIM1_CC_IRQHandler                       0x080000d7   Thumb Code     0  startup_stm32f030x6.o(.text)
    TIM3_IRQHandler                          0x080000d7   Thumb Code     0  startup_stm32f030x6.o(.text)
    WWDG_IRQHandler                          0x080000d7   Thumb Code     0  startup_stm32f030x6.o(.text)
    __aeabi_llsr                             0x080000e1   Thumb Code    34  llushr.o(.text)
    _ll_ushift_r                             0x080000e1   Thumb Code     0  llushr.o(.text)
    __aeabi_dmul                             0x08000105   Thumb Code   202  dmul.o(.text)
    __aeabi_i2d                              0x080001d5   Thumb Code    34  dflti.o(.text)
    __aeabi_f2d                              0x080001fd   Thumb Code    40  f2d.o(.text)
    __aeabi_d2f                              0x08000225   Thumb Code    56  d2f.o(.text)
    __aeabi_uidiv                            0x0800025d   Thumb Code     0  uidiv_div0.o(.text)
    __aeabi_uidivmod                         0x0800025d   Thumb Code    62  uidiv_div0.o(.text)
    __aeabi_uldivmod                         0x0800029b   Thumb Code    96  uldiv.o(.text)
    __I$use$fp                               0x080002fb   Thumb Code     0  iusefp.o(.text)
    _float_round                             0x080002fb   Thumb Code    16  fepilogue.o(.text)
    _float_epilogue                          0x0800030b   Thumb Code   114  fepilogue.o(.text)
    _double_round                            0x0800037d   Thumb Code    26  depilogue.o(.text)
    _double_epilogue                         0x08000397   Thumb Code   164  depilogue.o(.text)
    __aeabi_dadd                             0x0800043d   Thumb Code   328  dadd.o(.text)
    __aeabi_dsub                             0x08000585   Thumb Code    12  dadd.o(.text)
    __aeabi_drsub                            0x08000591   Thumb Code    12  dadd.o(.text)
    __aeabi_ddiv                             0x080005a1   Thumb Code   234  ddiv.o(.text)
    __aeabi_d2ulz                            0x08000691   Thumb Code    54  dfixul.o(.text)
    __aeabi_cdrcmple                         0x080006d1   Thumb Code    38  cdrcmple.o(.text)
    __scatterload                            0x080006f9   Thumb Code    28  init.o(.text)
    __scatterload_rt2                        0x080006f9   Thumb Code     0  init.o(.text)
    __aeabi_llsl                             0x0800071d   Thumb Code    32  llshl.o(.text)
    __semihosting_library_function           0x0800071d   Thumb Code     0  semi.o(.text)
    _ll_shift_l                              0x0800071d   Thumb Code     0  llshl.o(.text)
    __aeabi_lasr                             0x0800073d   Thumb Code    38  llsshr.o(.text)
    _ll_sshift_r                             0x0800073d   Thumb Code     0  llsshr.o(.text)
    __I$use$semihosting$fputc                0x08000763   Thumb Code     0  iusesemip.o(.text)
    DMA1_Channel2_3_IRQHandler               0x08000765   Thumb Code    12  stm32f0xx_it.o(.text.DMA1_Channel2_3_IRQHandler)
    Error_Handler                            0x08000775   Thumb Code     2  main.o(.text.Error_Handler)
    HAL_DMA_Abort_IT                         0x08000777   Thumb Code    66  stm32f0xx_hal_dma.o(.text.HAL_DMA_Abort_IT)
    HAL_DMA_IRQHandler                       0x080007b9   Thumb Code   212  stm32f0xx_hal_dma.o(.text.HAL_DMA_IRQHandler)
    HAL_DMA_Init                             0x0800088d   Thumb Code   120  stm32f0xx_hal_dma.o(.text.HAL_DMA_Init)
    HAL_Delay                                0x08000911   Thumb Code    36  stm32f0xx_hal.o(.text.HAL_Delay)
    HAL_GPIO_Init                            0x08000935   Thumb Code   384  stm32f0xx_hal_gpio.o(.text.HAL_GPIO_Init)
    HAL_GPIO_WritePin                        0x08000acd   Thumb Code    16  stm32f0xx_hal_gpio.o(.text.HAL_GPIO_WritePin)
    HAL_GetTick                              0x08000add   Thumb Code     8  stm32f0xx_hal.o(.text.HAL_GetTick)
    HAL_IncTick                              0x08000ae5   Thumb Code    12  stm32f0xx_hal.o(.text.HAL_IncTick)
    HAL_Init                                 0x08000af5   Thumb Code    28  stm32f0xx_hal.o(.text.HAL_Init)
    HAL_InitTick                             0x08000b11   Thumb Code    36  stm32f0xx_hal.o(.text.HAL_InitTick)
    HAL_MspInit                              0x08000b35   Thumb Code    40  stm32f0xx_hal_msp.o(.text.HAL_MspInit)
    HAL_NVIC_EnableIRQ                       0x08000b61   Thumb Code    16  stm32f0xx_hal_cortex.o(.text.HAL_NVIC_EnableIRQ)
    HAL_NVIC_SetPriority                     0x08000b75   Thumb Code    48  stm32f0xx_hal_cortex.o(.text.HAL_NVIC_SetPriority)
    HAL_RCCEx_PeriphCLKConfig                0x08000bad   Thumb Code   244  stm32f0xx_hal_rcc_ex.o(.text.HAL_RCCEx_PeriphCLKConfig)
    HAL_RCC_ClockConfig                      0x08000cad   Thumb Code   344  stm32f0xx_hal_rcc.o(.text.HAL_RCC_ClockConfig)
    HAL_RCC_GetHCLKFreq                      0x08000e11   Thumb Code     8  stm32f0xx_hal_rcc.o(.text.HAL_RCC_GetHCLKFreq)
    HAL_RCC_GetPCLK1Freq                     0x08000e19   Thumb Code    20  stm32f0xx_hal_rcc.o(.text.HAL_RCC_GetPCLK1Freq)
    HAL_RCC_GetSysClockFreq                  0x08000e35   Thumb Code    56  stm32f0xx_hal_rcc.o(.text.HAL_RCC_GetSysClockFreq)
    HAL_RCC_OscConfig                        0x08000e81   Thumb Code   968  stm32f0xx_hal_rcc.o(.text.HAL_RCC_OscConfig)
    HAL_SYSTICK_Config                       0x08001255   Thumb Code    40  stm32f0xx_hal_cortex.o(.text.HAL_SYSTICK_Config)
    HAL_UART_ErrorCallback                   0x08001289   Thumb Code     2  stm32f0xx_hal_uart.o(.text.HAL_UART_ErrorCallback)
    HAL_UART_IRQHandler                      0x0800128d   Thumb Code   712  stm32f0xx_hal_uart.o(.text.HAL_UART_IRQHandler)
    HAL_UART_Init                            0x08001559   Thumb Code   110  stm32f0xx_hal_uart.o(.text.HAL_UART_Init)
    HAL_UART_MspInit                         0x080015c9   Thumb Code   148  stm32f0xx_hal_msp.o(.text.HAL_UART_MspInit)
    HAL_UART_Receive_IT                      0x0800166d   Thumb Code   148  stm32f0xx_hal_uart.o(.text.HAL_UART_Receive_IT)
    HAL_UART_RxCpltCallback                  0x08001705   Thumb Code     2  stm32f0xx_hal_uart.o(.text.HAL_UART_RxCpltCallback)
    HAL_UART_TxCpltCallback                  0x08001707   Thumb Code     2  stm32f0xx_hal_uart.o(.text.HAL_UART_TxCpltCallback)
    HardFault_Handler                        0x08001709   Thumb Code     2  stm32f0xx_it.o(.text.HardFault_Handler)
    NMI_Handler                              0x0800170b   Thumb Code     2  stm32f0xx_it.o(.text.NMI_Handler)
    PendSV_Handler                           0x0800170d   Thumb Code     2  stm32f0xx_it.o(.text.PendSV_Handler)
    Programe_Run                             0x08001711   Thumb Code   128  as5600.o(.text.Programe_Run)
    SVC_Handler                              0x080017d5   Thumb Code     2  stm32f0xx_it.o(.text.SVC_Handler)
    Sim_I2C1_ReceiveByte                     0x080017d9   Thumb Code   288  as5600.o(.text.Sim_I2C1_ReceiveByte)
    Sim_I2C1_ReceiveByte_WithACK             0x080018f9   Thumb Code   288  as5600.o(.text.Sim_I2C1_ReceiveByte_WithACK)
    Sim_I2C1_SendByte                        0x08001a1d   Thumb Code   252  as5600.o(.text.Sim_I2C1_SendByte)
    Sim_I2C_Read8                            0x08001b25   Thumb Code   800  as5600.o(.text.Sim_I2C_Read8)
    SysTick_Handler                          0x08001e55   Thumb Code     8  stm32f0xx_it.o(.text.SysTick_Handler)
    SystemInit                               0x08001e5d   Thumb Code    76  system_stm32f0xx.o(.text.SystemInit)
    UART_AdvFeatureConfig                    0x08001eb5   Thumb Code   210  stm32f0xx_hal_uart.o(.text.UART_AdvFeatureConfig)
    UART_SetConfig                           0x08001f9d   Thumb Code   228  stm32f0xx_hal_uart.o(.text.UART_SetConfig)
    USART1_IRQHandler                        0x080020a5   Thumb Code    12  stm32f0xx_it.o(.text.USART1_IRQHandler)
    main                                     0x080020b5   Thumb Code   272  main.o(.text.main)
    __0printf                                0x080021d1   Thumb Code    24  printfa.o(i.__0printf)
    __1printf                                0x080021d1   Thumb Code     0  printfa.o(i.__0printf)
    __2printf                                0x080021d1   Thumb Code     0  printfa.o(i.__0printf)
    __c89printf                              0x080021d1   Thumb Code     0  printfa.o(i.__0printf)
    printf                                   0x080021d1   Thumb Code     0  printfa.o(i.__0printf)
    __ARM_clz                                0x080021f1   Thumb Code    46  depilogue.o(i.__ARM_clz)
    __scatterload_copy                       0x0800221f   Thumb Code    14  handlers.o(i.__scatterload_copy)
    __scatterload_null                       0x0800222d   Thumb Code     2  handlers.o(i.__scatterload_null)
    __scatterload_zeroinit                   0x0800222f   Thumb Code    14  handlers.o(i.__scatterload_zeroinit)
    fputc                                    0x08002ae9   Thumb Code    18  fputc.o(i.fputc)
    AHBPrescTable                            0x08002afa   Data          16  system_stm32f0xx.o(.rodata.AHBPrescTable)
    APBPrescTable                            0x08002b0a   Data           8  system_stm32f0xx.o(.rodata.APBPrescTable)
    Region$$Table$$Base                      0x08002b34   Number         0  anon$$obj.o(Region$$Table)
    Region$$Table$$Limit                     0x08002b54   Number         0  anon$$obj.o(Region$$Table)
    __stdout                                 0x20000000   Data           4  stdout.o(.data)
    SystemCoreClock                          0x20000004   Data           4  system_stm32f0xx.o(.data.SystemCoreClock)
    _rawStartAngle                           0x20000008   Data           2  as5600.o(.bss..L_MergedGlobals)
    _zPosition                               0x2000000a   Data           2  as5600.o(.bss..L_MergedGlobals)
    _rawEndAngle                             0x2000000c   Data           2  as5600.o(.bss..L_MergedGlobals)
    _mPosition                               0x2000000e   Data           2  as5600.o(.bss..L_MergedGlobals)
    _maxAngle                                0x20000010   Data           2  as5600.o(.bss..L_MergedGlobals)
    rawdata                                  0x20000012   Data           2  as5600.o(.bss..L_MergedGlobals)
    degress                                  0x20000014   Data           4  as5600.o(.bss..L_MergedGlobals)
    aRxBuffer                                0x20000018   Data           2  main.o(.bss..L_MergedGlobals)
    huart1                                   0x2000001c   Data         112  main.o(.bss..L_MergedGlobals)
    hdma_usart1_rx                           0x2000008c   Data          68  main.o(.bss.hdma_usart1_rx)
    uwTick                                   0x200000d0   Data           4  stm32f0xx_hal.o(.bss.uwTick)
    __initial_sp                             0x200004d8   Data           0  startup_stm32f030x6.o(STACK)



==============================================================================

Memory Map of the image

  Image Entry point : 0x080000b1

  Load Region LR_IROM1 (Base: 0x08000000, Size: 0x00002b60, Max: 0x00004000, ABSOLUTE)

    Execution Region ER_IROM1 (Exec base: 0x08000000, Load base: 0x08000000, Size: 0x00002b54, Max: 0x00004000, ABSOLUTE)

    Exec Addr    Load Addr    Size         Type   Attr      Idx    E Section Name        Object

    0x08000000   0x08000000   0x000000b0   Data   RO            3    RESET               startup_stm32f030x6.o
    0x080000b0   0x080000b0   0x00000000   Code   RO          727  * .ARM.Collect$$$$00000000  mc_p.l(entry.o)
    0x080000b0   0x080000b0   0x00000004   Code   RO         1015    .ARM.Collect$$$$00000001  mc_p.l(entry2.o)
    0x080000b4   0x080000b4   0x00000004   Code   RO         1018    .ARM.Collect$$$$00000004  mc_p.l(entry5.o)
    0x080000b8   0x080000b8   0x00000000   Code   RO         1020    .ARM.Collect$$$$00000008  mc_p.l(entry7b.o)
    0x080000b8   0x080000b8   0x00000000   Code   RO         1022    .ARM.Collect$$$$0000000A  mc_p.l(entry8b.o)
    0x080000b8   0x080000b8   0x00000008   Code   RO         1023    .ARM.Collect$$$$0000000B  mc_p.l(entry9a.o)
    0x080000c0   0x080000c0   0x00000000   Code   RO         1025    .ARM.Collect$$$$0000000D  mc_p.l(entry10a.o)
    0x080000c0   0x080000c0   0x00000000   Code   RO         1027    .ARM.Collect$$$$0000000F  mc_p.l(entry11a.o)
    0x080000c0   0x080000c0   0x00000004   Code   RO         1016    .ARM.Collect$$$$00002712  mc_p.l(entry2.o)
    0x080000c4   0x080000c4   0x0000001c   Code   RO            4    .text               startup_stm32f030x6.o
    0x080000e0   0x080000e0   0x00000022   Code   RO          740    .text               mc_p.l(llushr.o)
    0x08000102   0x08000102   0x00000002   PAD
    0x08000104   0x08000104   0x000000d0   Code   RO         1003    .text               mf_p.l(dmul.o)
    0x080001d4   0x080001d4   0x00000028   Code   RO         1007    .text               mf_p.l(dflti.o)
    0x080001fc   0x080001fc   0x00000028   Code   RO         1011    .text               mf_p.l(f2d.o)
    0x08000224   0x08000224   0x00000038   Code   RO         1013    .text               mf_p.l(d2f.o)
    0x0800025c   0x0800025c   0x0000003e   Code   RO         1038    .text               mc_p.l(uidiv_div0.o)
    0x0800029a   0x0800029a   0x00000060   Code   RO         1044    .text               mc_p.l(uldiv.o)
    0x080002fa   0x080002fa   0x00000000   Code   RO         1046    .text               mc_p.l(iusefp.o)
    0x080002fa   0x080002fa   0x00000082   Code   RO         1047    .text               mf_p.l(fepilogue.o)
    0x0800037c   0x0800037c   0x000000be   Code   RO         1049    .text               mf_p.l(depilogue.o)
    0x0800043a   0x0800043a   0x00000002   PAD
    0x0800043c   0x0800043c   0x00000164   Code   RO         1053    .text               mf_p.l(dadd.o)
    0x080005a0   0x080005a0   0x000000f0   Code   RO         1055    .text               mf_p.l(ddiv.o)
    0x08000690   0x08000690   0x00000040   Code   RO         1057    .text               mf_p.l(dfixul.o)
    0x080006d0   0x080006d0   0x00000028   Code   RO         1059    .text               mf_p.l(cdrcmple.o)
    0x080006f8   0x080006f8   0x00000024   Code   RO         1061    .text               mc_p.l(init.o)
    0x0800071c   0x0800071c   0x00000000   Code   RO         1063    .text               mc_p.l(semi.o)
    0x0800071c   0x0800071c   0x00000020   Code   RO         1064    .text               mc_p.l(llshl.o)
    0x0800073c   0x0800073c   0x00000026   Code   RO         1066    .text               mc_p.l(llsshr.o)
    0x08000762   0x08000762   0x00000000   Code   RO         1068    .text               mc_p.l(iusesemip.o)
    0x08000762   0x08000762   0x00000002   PAD
    0x08000764   0x08000764   0x00000010   Code   RO          128    .text.DMA1_Channel2_3_IRQHandler  stm32f0xx_it.o
    0x08000774   0x08000774   0x00000002   Code   RO          102    .text.Error_Handler  main.o
    0x08000776   0x08000776   0x00000042   Code   RO          571    .text.HAL_DMA_Abort_IT  stm32f0xx_hal_dma.o
    0x080007b8   0x080007b8   0x000000d4   Code   RO          575    .text.HAL_DMA_IRQHandler  stm32f0xx_hal_dma.o
    0x0800088c   0x0800088c   0x00000084   Code   RO          561    .text.HAL_DMA_Init  stm32f0xx_hal_dma.o
    0x08000910   0x08000910   0x00000024   Code   RO          346    .text.HAL_Delay     stm32f0xx_hal.o
    0x08000934   0x08000934   0x00000198   Code   RO          537    .text.HAL_GPIO_Init  stm32f0xx_hal_gpio.o
    0x08000acc   0x08000acc   0x00000010   Code   RO          543    .text.HAL_GPIO_WritePin  stm32f0xx_hal_gpio.o
    0x08000adc   0x08000adc   0x00000008   Code   RO          344    .text.HAL_GetTick   stm32f0xx_hal.o
    0x08000ae4   0x08000ae4   0x00000010   Code   RO          342    .text.HAL_IncTick   stm32f0xx_hal.o
    0x08000af4   0x08000af4   0x0000001c   Code   RO          332    .text.HAL_Init      stm32f0xx_hal.o
    0x08000b10   0x08000b10   0x00000024   Code   RO          334    .text.HAL_InitTick  stm32f0xx_hal.o
    0x08000b34   0x08000b34   0x0000002c   Code   RO          139    .text.HAL_MspInit   stm32f0xx_hal_msp.o
    0x08000b60   0x08000b60   0x00000014   Code   RO          595    .text.HAL_NVIC_EnableIRQ  stm32f0xx_hal_cortex.o
    0x08000b74   0x08000b74   0x00000038   Code   RO          593    .text.HAL_NVIC_SetPriority  stm32f0xx_hal_cortex.o
    0x08000bac   0x08000bac   0x00000100   Code   RO          318    .text.HAL_RCCEx_PeriphCLKConfig  stm32f0xx_hal_rcc_ex.o
    0x08000cac   0x08000cac   0x00000164   Code   RO          287    .text.HAL_RCC_ClockConfig  stm32f0xx_hal_rcc.o
    0x08000e10   0x08000e10   0x00000008   Code   RO          297    .text.HAL_RCC_GetHCLKFreq  stm32f0xx_hal_rcc.o
    0x08000e18   0x08000e18   0x0000001c   Code   RO          299    .text.HAL_RCC_GetPCLK1Freq  stm32f0xx_hal_rcc.o
    0x08000e34   0x08000e34   0x0000004c   Code   RO          289    .text.HAL_RCC_GetSysClockFreq  stm32f0xx_hal_rcc.o
    0x08000e80   0x08000e80   0x000003d4   Code   RO          285    .text.HAL_RCC_OscConfig  stm32f0xx_hal_rcc.o
    0x08001254   0x08001254   0x00000034   Code   RO          601    .text.HAL_SYSTICK_Config  stm32f0xx_hal_cortex.o
    0x08001288   0x08001288   0x00000002   Code   RO          235    .text.HAL_UART_ErrorCallback  stm32f0xx_hal_uart.o
    0x0800128a   0x0800128a   0x00000002   PAD
    0x0800128c   0x0800128c   0x000002cc   Code   RO          229    .text.HAL_UART_IRQHandler  stm32f0xx_hal_uart.o
    0x08001558   0x08001558   0x0000006e   Code   RO          155    .text.HAL_UART_Init  stm32f0xx_hal_uart.o
    0x080015c6   0x080015c6   0x00000002   PAD
    0x080015c8   0x080015c8   0x000000a4   Code   RO          141    .text.HAL_UART_MspInit  stm32f0xx_hal_msp.o
    0x0800166c   0x0800166c   0x00000098   Code   RO          181    .text.HAL_UART_Receive_IT  stm32f0xx_hal_uart.o
    0x08001704   0x08001704   0x00000002   Code   RO          245    .text.HAL_UART_RxCpltCallback  stm32f0xx_hal_uart.o
    0x08001706   0x08001706   0x00000002   Code   RO          241    .text.HAL_UART_TxCpltCallback  stm32f0xx_hal_uart.o
    0x08001708   0x08001708   0x00000002   Code   RO          120    .text.HardFault_Handler  stm32f0xx_it.o
    0x0800170a   0x0800170a   0x00000002   Code   RO          118    .text.NMI_Handler   stm32f0xx_it.o
    0x0800170c   0x0800170c   0x00000002   Code   RO          124    .text.PendSV_Handler  stm32f0xx_it.o
    0x0800170e   0x0800170e   0x00000002   PAD
    0x08001710   0x08001710   0x000000c4   Code   RO           83    .text.Programe_Run  as5600.o
    0x080017d4   0x080017d4   0x00000002   Code   RO          122    .text.SVC_Handler   stm32f0xx_it.o
    0x080017d6   0x080017d6   0x00000002   PAD
    0x080017d8   0x080017d8   0x00000120   Code   RO           25    .text.Sim_I2C1_ReceiveByte  as5600.o
    0x080018f8   0x080018f8   0x00000124   Code   RO           27    .text.Sim_I2C1_ReceiveByte_WithACK  as5600.o
    0x08001a1c   0x08001a1c   0x00000108   Code   RO           23    .text.Sim_I2C1_SendByte  as5600.o
    0x08001b24   0x08001b24   0x00000330   Code   RO           29    .text.Sim_I2C_Read8  as5600.o
    0x08001e54   0x08001e54   0x00000008   Code   RO          126    .text.SysTick_Handler  stm32f0xx_it.o
    0x08001e5c   0x08001e5c   0x00000058   Code   RO          713    .text.SystemInit    system_stm32f0xx.o
    0x08001eb4   0x08001eb4   0x000000d2   Code   RO          161    .text.UART_AdvFeatureConfig  stm32f0xx_hal_uart.o
    0x08001f86   0x08001f86   0x00000016   Code   RO          233    .text.UART_DMAAbortOnError  stm32f0xx_hal_uart.o
    0x08001f9c   0x08001f9c   0x00000108   Code   RO          159    .text.UART_SetConfig  stm32f0xx_hal_uart.o
    0x080020a4   0x080020a4   0x00000010   Code   RO          130    .text.USART1_IRQHandler  stm32f0xx_it.o
    0x080020b4   0x080020b4   0x0000011c   Code   RO           96    .text.main          main.o
    0x080021d0   0x080021d0   0x00000020   Code   RO          975    i.__0printf         mc_p.l(printfa.o)
    0x080021f0   0x080021f0   0x0000002e   Code   RO         1051    i.__ARM_clz         mf_p.l(depilogue.o)
    0x0800221e   0x0800221e   0x0000000e   Code   RO         1071    i.__scatterload_copy  mc_p.l(handlers.o)
    0x0800222c   0x0800222c   0x00000002   Code   RO         1072    i.__scatterload_null  mc_p.l(handlers.o)
    0x0800222e   0x0800222e   0x0000000e   Code   RO         1073    i.__scatterload_zeroinit  mc_p.l(handlers.o)
    0x0800223c   0x0800223c   0x00000174   Code   RO          982    i._fp_digits        mc_p.l(printfa.o)
    0x080023b0   0x080023b0   0x000006ec   Code   RO          983    i._printf_core      mc_p.l(printfa.o)
    0x08002a9c   0x08002a9c   0x00000020   Code   RO          984    i._printf_post_padding  mc_p.l(printfa.o)
    0x08002abc   0x08002abc   0x0000002c   Code   RO          985    i._printf_pre_padding  mc_p.l(printfa.o)
    0x08002ae8   0x08002ae8   0x00000012   Code   RO         1029    i.fputc             mc_p.l(fputc.o)
    0x08002afa   0x08002afa   0x00000010   Data   RO          718    .rodata.AHBPrescTable  system_stm32f0xx.o
    0x08002b0a   0x08002b0a   0x00000008   Data   RO          719    .rodata.APBPrescTable  system_stm32f0xx.o
    0x08002b12   0x08002b12   0x00000020   Data   RO          309    .rodata.cst16       stm32f0xx_hal_rcc.o
    0x08002b32   0x08002b32   0x00000002   PAD
    0x08002b34   0x08002b34   0x00000020   Data   RO         1070    Region$$Table       anon$$obj.o


    Execution Region RW_IRAM1 (Exec base: 0x20000000, Load base: 0x08002b58, Size: 0x000004d8, Max: 0x00001000, ABSOLUTE)

    Exec Addr    Load Addr    Size         Type   Attr      Idx    E Section Name        Object

    0x20000000   0x08002b58   0x00000004   Data   RW         1033    .data               mc_p.l(stdout.o)
    0x20000004   0x08002b5c   0x00000004   Data   RW          717    .data.SystemCoreClock  system_stm32f0xx.o
    0x20000008        -       0x00000010   Zero   RW           87    .bss..L_MergedGlobals  as5600.o
    0x20000018        -       0x00000074   Zero   RW          109    .bss..L_MergedGlobals  main.o
    0x2000008c        -       0x00000044   Zero   RW          107    .bss.hdma_usart1_rx  main.o
    0x200000d0        -       0x00000004   Zero   RW          372    .bss.uwTick         stm32f0xx_hal.o
    0x200000d4   0x08002b60   0x00000004   PAD
    0x200000d8        -       0x00000400   Zero   RW            1    STACK               startup_stm32f030x6.o


==============================================================================

Image component sizes


      Code (inc. data)   RO Data    RW Data    ZI Data      Debug   Object Name

      1856        100          0          0         16      20640   as5600.o
       286         12          0          0        184       6918   main.o
        28          8        176          0       1024        656   startup_stm32f030x6.o
       124          4          0          0          4       4435   stm32f0xx_hal.o
       128         24          0          0          0       5283   stm32f0xx_hal_cortex.o
       410         12          0          0          0       8048   stm32f0xx_hal_dma.o
       424         24          0          0          0       4959   stm32f0xx_hal_gpio.o
       208         20          0          0          0       5333   stm32f0xx_hal_msp.o
      1448         52         32          0          0       7555   stm32f0xx_hal_rcc.o
       256         12          0          0          0       3338   stm32f0xx_hal_rcc_ex.o
      1480         56          0          0          0      22331   stm32f0xx_hal_uart.o
        48          8          0          0          0       1529   stm32f0xx_it.o
        88         12         24          4          0       1907   system_stm32f0xx.o

    ----------------------------------------------------------------------
      6792        344        266          4       1232      92932   Object Totals
         0          0         32          0          0          0   (incl. Generated)
         8          0          2          0          4          0   (incl. Padding)

    ----------------------------------------------------------------------

      Code (inc. data)   RO Data    RW Data    ZI Data      Debug   Library Member Name

         0          0          0          0          0          0   entry.o
         0          0          0          0          0          0   entry10a.o
         0          0          0          0          0          0   entry11a.o
         8          4          0          0          0          0   entry2.o
         4          0          0          0          0          0   entry5.o
         0          0          0          0          0          0   entry7b.o
         0          0          0          0          0          0   entry8b.o
         8          4          0          0          0          0   entry9a.o
        18          0          0          0          0         72   fputc.o
        30          0          0          0          0          0   handlers.o
        36          8          0          0          0         68   init.o
         0          0          0          0          0          0   iusefp.o
         0          0          0          0          0          0   iusesemip.o
        32          0          0          0          0         68   llshl.o
        38          0          0          0          0         68   llsshr.o
        34          0          0          0          0         68   llushr.o
      2252         98          0          0          0        412   printfa.o
         0          0          0          0          0          0   semi.o
         0          0          0          4          0          0   stdout.o
        62          0          0          0          0         72   uidiv_div0.o
        96          0          0          0          0         84   uldiv.o
        40          2          0          0          0         68   cdrcmple.o
        56          0          0          0          0         68   d2f.o
       356          4          0          0          0        140   dadd.o
       240          6          0          0          0         84   ddiv.o
       236          0          0          0          0        216   depilogue.o
        64         10          0          0          0         68   dfixul.o
        40          6          0          0          0         68   dflti.o
       208          6          0          0          0         88   dmul.o
        40          0          0          0          0         60   f2d.o
       130          0          0          0          0        144   fepilogue.o

    ----------------------------------------------------------------------
      4034        148          0          4          0       1916   Library Totals
         6          0          0          0          0          0   (incl. Padding)

    ----------------------------------------------------------------------

      Code (inc. data)   RO Data    RW Data    ZI Data      Debug   Library Name

      2618        114          0          4          0        912   mc_p.l
      1410         34          0          0          0       1004   mf_p.l

    ----------------------------------------------------------------------
      4034        148          0          4          0       1916   Library Totals

    ----------------------------------------------------------------------

==============================================================================


      Code (inc. data)   RO Data    RW Data    ZI Data      Debug   

     10826        492        266          8       1232      93848   Grand Totals
     10826        492        266          8       1232      93848   ELF Image Totals
     10826        492        266          8          0          0   ROM Totals

==============================================================================

    Total RO  Size (Code + RO Data)                11092 (  10.83kB)
    Total RW  Size (RW Data + ZI Data)              1240 (   1.21kB)
    Total ROM Size (Code + RO Data + RW Data)      11100 (  10.84kB)

==============================================================================

